
  .   ____          _            __ _ _
 /\\ / ___'_ __ _ _(_)_ __  __ _ \ \ \ \
( ( )\___ | '_ | '_| | '_ \/ _` | \ \ \ \
 \\/  ___)| |_)| | | | | || (_| |  ) ) ) )
  '  |____| .__|_| |_|_| |_\__, | / / / /
 =========|_|==============|___/=/_/_/_/

 :: Spring Boot ::                (v3.4.2)

2026-10-07T01:52:36.874-03:00  INFO 34897 --- [gamificacao-educacao-continuada] [           main] b.e.u.g.GamificacaoApplication           : Starting GamificacaoApplication v1.0.0 using Java 21.0.12.1 with PID 34897 (/home/engler/devops/gamificacao-educacao-continuada/target/gamificacao-educacao-continuada-1.0.0.jar started by engler in /home/engler/devops/gamificacao-educacao-continuada)
2026-10-07T01:52:36.884-03:00  INFO 34897 --- [gamificacao-educacao-continuada] [           main] b.e.u.g.GamificacaoApplication           : The following 1 profile is active: "lab"
2026-10-07T01:52:38.874-03:00  INFO 34897 --- [gamificacao-educacao-continuada] [           main] .s.d.r.c.RepositoryConfigurationDelegate : Bootstrapping Spring Data JPA repositories in DEFAULT mode.
2026-10-07T01:52:38.935-03:00  INFO 34897 --- [gamificacao-educacao-continuada] [           main] .s.d.r.c.RepositoryConfigurationDelegate : Finished Spring Data repository scanning in 53 ms. Found 4 JPA repository interfaces.
2026-10-07T01:52:39.580-03:00  INFO 34897 --- [gamificacao-educacao-continuada] [           main] o.s.b.w.embedded.tomcat.TomcatWebServer  : Tomcat initialized with port 8080 (http)
2026-10-07T01:52:39.592-03:00  INFO 34897 --- [gamificacao-educacao-continuada] [           main] o.apache.catalina.core.StandardService   : Starting service [Tomcat]
2026-10-07T01:52:39.592-03:00  INFO 34897 --- [gamificacao-educacao-continuada] [           main] o.apache.catalina.core.StandardEngine    : Starting Servlet engine: [Apache Tomcat/10.1.34]
2026-10-07T01:52:39.618-03:00  INFO 34897 --- [gamificacao-educacao-continuada] [           main] o.a.c.c.C.[Tomcat].[localhost].[/]       : Initializing Spring embedded WebApplicationContext
2026-10-07T01:52:39.619-03:00  INFO 34897 --- [gamificacao-educacao-continuada] [           main] w.s.c.ServletWebServerApplicationContext : Root WebApplicationContext: initialization completed in 2682 ms
2026-10-07T01:52:39.957-03:00  INFO 34897 --- [gamificacao-educacao-continuada] [           main] o.hibernate.jpa.internal.util.LogHelper  : HHH000204: Processing PersistenceUnitInfo [name: default]
2026-10-07T01:52:40.017-03:00  INFO 34897 --- [gamificacao-educacao-continuada] [           main] org.hibernate.Version                    : HHH000412: Hibernate ORM core version 6.6.5.Final
2026-10-07T01:52:40.047-03:00  INFO 34897 --- [gamificacao-educacao-continuada] [           main] o.h.c.internal.RegionFactoryInitiator    : HHH000026: Second-level cache disabled
2026-10-07T01:52:40.328-03:00  INFO 34897 --- [gamificacao-educacao-continuada] [           main] o.s.o.j.p.SpringPersistenceUnitInfo      : No LoadTimeWeaver setup: ignoring JPA class transformer
2026-10-07T01:52:40.356-03:00  INFO 34897 --- [gamificacao-educacao-continuada] [           main] com.zaxxer.hikari.HikariDataSource       : HikariPool-1 - Starting...
2026-10-07T01:52:40.632-03:00  INFO 34897 --- [gamificacao-educacao-continuada] [           main] com.zaxxer.hikari.pool.HikariPool        : HikariPool-1 - Added connection conn1: url=jdbc:h2:file:/home/engler/devops/gamificacao-educacao-continuada/.runtime/run-20261007T045233Z/core user=SA
2026-10-07T01:52:40.633-03:00  INFO 34897 --- [gamificacao-educacao-continuada] [           main] com.zaxxer.hikari.HikariDataSource       : HikariPool-1 - Start completed.
2026-10-07T01:52:40.678-03:00  INFO 34897 --- [gamificacao-educacao-continuada] [           main] org.hibernate.orm.connections.pooling    : HHH10001005: Database info:
	Database JDBC URL [Connecting through datasource 'HikariDataSource (HikariPool-1)']
	Database driver: undefined/unknown
	Database version: 2.3.232
	Autocommit mode: undefined/unknown
	Isolation level: undefined/unknown
	Minimum pool size: undefined/unknown
	Maximum pool size: undefined/unknown
2026-10-07T01:52:41.514-03:00  INFO 34897 --- [gamificacao-educacao-continuada] [           main] o.h.e.t.j.p.i.JtaPlatformInitiator       : HHH000489: No JTA platform available (set 'hibernate.transaction.jta.platform' to enable JTA platform integration)
2026-10-07T01:52:41.562-03:00  INFO 34897 --- [gamificacao-educacao-continuada] [           main] j.LocalContainerEntityManagerFactoryBean : Initialized JPA EntityManagerFactory for persistence unit 'default'
2026-10-07T01:52:41.844-03:00  INFO 34897 --- [gamificacao-educacao-continuada] [           main] o.s.d.j.r.query.QueryEnhancerFactory     : Hibernate is in classpath; If applicable, HQL parser will be used.
2026-10-07T01:52:42.912-03:00  INFO 34897 --- [gamificacao-educacao-continuada] [           main] o.s.b.a.w.s.WelcomePageHandlerMapping    : Adding welcome page: class path resource [static/index.html]
2026-10-07T01:52:43.633-03:00  INFO 34897 --- [gamificacao-educacao-continuada] [           main] o.s.b.a.e.web.EndpointLinksResolver      : Exposing 3 endpoints beneath base path '/actuator'
2026-10-07T01:52:43.708-03:00  INFO 34897 --- [gamificacao-educacao-continuada] [           main] o.s.b.w.embedded.tomcat.TomcatWebServer  : Tomcat started on port 8080 (http) with context path '/'
2026-10-07T01:52:43.728-03:00  INFO 34897 --- [gamificacao-educacao-continuada] [           main] b.e.u.g.GamificacaoApplication           : Started GamificacaoApplication in 7.333 seconds (process running for 6.785)
2026-10-07T01:52:43.798-03:00  INFO 34897 --- [gamificacao-educacao-continuada] [0.1-8080-exec-1] o.a.c.c.C.[Tomcat].[localhost].[/]       : Initializing Spring DispatcherServlet 'dispatcherServlet'
2026-10-07T01:52:43.799-03:00  INFO 34897 --- [gamificacao-educacao-continuada] [0.1-8080-exec-1] o.s.web.servlet.DispatcherServlet        : Initializing Servlet 'dispatcherServlet'
2026-10-07T01:52:43.803-03:00  INFO 34897 --- [gamificacao-educacao-continuada] [0.1-8080-exec-1] o.s.web.servlet.DispatcherServlet        : Completed initialization in 4 ms
2026-10-07T01:53:02.795-03:00  INFO 34897 --- [gamificacao-educacao-continuada] [0.1-8080-exec-2] b.e.u.g.e.i.p.JpaRegistrarEvento         : curso_concluido eventId=35a838bc-78a4-4e99-9429-68c20afbb6e8 instituicao=ac1 alunoId=1
2026-10-07T01:53:02.917-03:00  WARN 34897 --- [gamificacao-educacao-continuada] [   scheduling-1] b.e.u.g.e.application.OutboxDispatcher   : outbox_retry eventId=35a838bc-78a4-4e99-9429-68c20afbb6e8 tentativa=1
2026-10-07T01:53:04.404-03:00  INFO 34897 --- [gamificacao-educacao-continuada] [ionShutdownHook] o.s.b.w.e.tomcat.GracefulShutdown        : Commencing graceful shutdown. Waiting for active requests to complete
2026-10-07T01:53:04.406-03:00  INFO 34897 --- [gamificacao-educacao-continuada] [tomcat-shutdown] o.s.b.w.e.tomcat.GracefulShutdown        : Graceful shutdown complete
2026-10-07T01:53:04.411-03:00  INFO 34897 --- [gamificacao-educacao-continuada] [ionShutdownHook] j.LocalContainerEntityManagerFactoryBean : Closing JPA EntityManagerFactory for persistence unit 'default'
2026-10-07T01:53:04.413-03:00  INFO 34897 --- [gamificacao-educacao-continuada] [ionShutdownHook] com.zaxxer.hikari.HikariDataSource       : HikariPool-1 - Shutdown initiated...
2026-10-07T01:53:04.416-03:00  INFO 34897 --- [gamificacao-educacao-continuada] [ionShutdownHook] com.zaxxer.hikari.HikariDataSource       : HikariPool-1 - Shutdown completed.

  .   ____          _            __ _ _
 /\\ / ___'_ __ _ _(_)_ __  __ _ \ \ \ \
( ( )\___ | '_ | '_| | '_ \/ _` | \ \ \ \
 \\/  ___)| |_)| | | | | || (_| |  ) ) ) )
  '  |____| .__|_| |_|_| |_\__, | / / / /
 =========|_|==============|___/=/_/_/_/

 :: Spring Boot ::                (v3.4.2)

2026-10-07T01:53:05.534-03:00  INFO 35186 --- [gamificacao-educacao-continuada] [           main] b.e.u.g.GamificacaoApplication           : Starting GamificacaoApplication v1.0.0 using Java 21.0.12.1 with PID 35186 (/home/engler/devops/gamificacao-educacao-continuada/target/gamificacao-educacao-continuada-1.0.0.jar started by engler in /home/engler/devops/gamificacao-educacao-continuada)
2026-10-07T01:53:05.537-03:00  INFO 35186 --- [gamificacao-educacao-continuada] [           main] b.e.u.g.GamificacaoApplication           : The following 1 profile is active: "lab"
2026-10-07T01:53:06.536-03:00  INFO 35186 --- [gamificacao-educacao-continuada] [           main] .s.d.r.c.RepositoryConfigurationDelegate : Bootstrapping Spring Data JPA repositories in DEFAULT mode.
2026-10-07T01:53:06.591-03:00  INFO 35186 --- [gamificacao-educacao-continuada] [           main] .s.d.r.c.RepositoryConfigurationDelegate : Finished Spring Data repository scanning in 47 ms. Found 4 JPA repository interfaces.
2026-10-07T01:53:07.332-03:00  INFO 35186 --- [gamificacao-educacao-continuada] [           main] o.s.b.w.embedded.tomcat.TomcatWebServer  : Tomcat initialized with port 8080 (http)
2026-10-07T01:53:07.347-03:00  INFO 35186 --- [gamificacao-educacao-continuada] [           main] o.apache.catalina.core.StandardService   : Starting service [Tomcat]
2026-10-07T01:53:07.347-03:00  INFO 35186 --- [gamificacao-educacao-continuada] [           main] o.apache.catalina.core.StandardEngine    : Starting Servlet engine: [Apache Tomcat/10.1.34]
2026-10-07T01:53:07.373-03:00  INFO 35186 --- [gamificacao-educacao-continuada] [           main] o.a.c.c.C.[Tomcat].[localhost].[/]       : Initializing Spring embedded WebApplicationContext
2026-10-07T01:53:07.374-03:00  INFO 35186 --- [gamificacao-educacao-continuada] [           main] w.s.c.ServletWebServerApplicationContext : Root WebApplicationContext: initialization completed in 1793 ms
2026-10-07T01:53:07.728-03:00  INFO 35186 --- [gamificacao-educacao-continuada] [           main] o.hibernate.jpa.internal.util.LogHelper  : HHH000204: Processing PersistenceUnitInfo [name: default]
2026-10-07T01:53:07.800-03:00  INFO 35186 --- [gamificacao-educacao-continuada] [           main] org.hibernate.Version                    : HHH000412: Hibernate ORM core version 6.6.5.Final
2026-10-07T01:53:07.837-03:00  INFO 35186 --- [gamificacao-educacao-continuada] [           main] o.h.c.internal.RegionFactoryInitiator    : HHH000026: Second-level cache disabled
2026-10-07T01:53:08.072-03:00  INFO 35186 --- [gamificacao-educacao-continuada] [           main] o.s.o.j.p.SpringPersistenceUnitInfo      : No LoadTimeWeaver setup: ignoring JPA class transformer
2026-10-07T01:53:08.098-03:00  INFO 35186 --- [gamificacao-educacao-continuada] [           main] com.zaxxer.hikari.HikariDataSource       : HikariPool-1 - Starting...
2026-10-07T01:53:08.376-03:00  INFO 35186 --- [gamificacao-educacao-continuada] [           main] com.zaxxer.hikari.pool.HikariPool        : HikariPool-1 - Added connection conn1: url=jdbc:h2:file:/home/engler/devops/gamificacao-educacao-continuada/.runtime/run-20261007T045233Z/core user=SA
2026-10-07T01:53:08.379-03:00  INFO 35186 --- [gamificacao-educacao-continuada] [           main] com.zaxxer.hikari.HikariDataSource       : HikariPool-1 - Start completed.
2026-10-07T01:53:08.424-03:00  INFO 35186 --- [gamificacao-educacao-continuada] [           main] org.hibernate.orm.connections.pooling    : HHH10001005: Database info:
	Database JDBC URL [Connecting through datasource 'HikariDataSource (HikariPool-1)']
	Database driver: undefined/unknown
	Database version: 2.3.232
	Autocommit mode: undefined/unknown
	Isolation level: undefined/unknown
	Minimum pool size: undefined/unknown
	Maximum pool size: undefined/unknown
2026-10-07T01:53:09.202-03:00  INFO 35186 --- [gamificacao-educacao-continuada] [           main] o.h.e.t.j.p.i.JtaPlatformInitiator       : HHH000489: No JTA platform available (set 'hibernate.transaction.jta.platform' to enable JTA platform integration)
2026-10-07T01:53:09.243-03:00  INFO 35186 --- [gamificacao-educacao-continuada] [           main] j.LocalContainerEntityManagerFactoryBean : Initialized JPA EntityManagerFactory for persistence unit 'default'
2026-10-07T01:53:09.515-03:00  INFO 35186 --- [gamificacao-educacao-continuada] [           main] o.s.d.j.r.query.QueryEnhancerFactory     : Hibernate is in classpath; If applicable, HQL parser will be used.
2026-10-07T01:53:10.598-03:00  INFO 35186 --- [gamificacao-educacao-continuada] [           main] o.s.b.a.w.s.WelcomePageHandlerMapping    : Adding welcome page: class path resource [static/index.html]
2026-10-07T01:53:12.314-03:00  INFO 35186 --- [gamificacao-educacao-continuada] [           main] o.s.b.a.e.web.EndpointLinksResolver      : Exposing 3 endpoints beneath base path '/actuator'
2026-10-07T01:53:12.399-03:00  INFO 35186 --- [gamificacao-educacao-continuada] [           main] o.s.b.w.embedded.tomcat.TomcatWebServer  : Tomcat started on port 8080 (http) with context path '/'
2026-10-07T01:53:12.414-03:00  INFO 35186 --- [gamificacao-educacao-continuada] [           main] b.e.u.g.GamificacaoApplication           : Started GamificacaoApplication in 7.346 seconds (process running for 6.785)
2026-10-07T01:53:12.528-03:00  INFO 35186 --- [gamificacao-educacao-continuada] [0.1-8080-exec-1] o.a.c.c.C.[Tomcat].[localhost].[/]       : Initializing Spring DispatcherServlet 'dispatcherServlet'
2026-10-07T01:53:12.529-03:00  INFO 35186 --- [gamificacao-educacao-continuada] [0.1-8080-exec-1] o.s.web.servlet.DispatcherServlet        : Initializing Servlet 'dispatcherServlet'
2026-10-07T01:53:12.532-03:00  INFO 35186 --- [gamificacao-educacao-continuada] [0.1-8080-exec-1] o.s.web.servlet.DispatcherServlet        : Completed initialization in 3 ms
2026-10-07T01:53:12.557-03:00  WARN 35186 --- [gamificacao-educacao-continuada] [   scheduling-1] b.e.u.g.e.application.OutboxDispatcher   : outbox_retry eventId=35a838bc-78a4-4e99-9429-68c20afbb6e8 tentativa=2
2026-10-07T01:53:17.485-03:00  INFO 35186 --- [gamificacao-educacao-continuada] [0.1-8080-exec-8] b.e.u.g.e.i.p.JpaRegistrarEvento         : curso_concluido eventId=da97f770-6dd5-4f45-8932-7087b715025e instituicao=ac1 alunoId=1
2026-10-07T01:53:17.668-03:00  INFO 35186 --- [gamificacao-educacao-continuada] [ionShutdownHook] o.s.b.w.e.tomcat.GracefulShutdown        : Commencing graceful shutdown. Waiting for active requests to complete
2026-10-07T01:53:17.670-03:00  INFO 35186 --- [gamificacao-educacao-continuada] [tomcat-shutdown] o.s.b.w.e.tomcat.GracefulShutdown        : Graceful shutdown complete
2026-10-07T01:53:17.675-03:00  INFO 35186 --- [gamificacao-educacao-continuada] [ionShutdownHook] j.LocalContainerEntityManagerFactoryBean : Closing JPA EntityManagerFactory for persistence unit 'default'
2026-10-07T01:53:17.677-03:00  INFO 35186 --- [gamificacao-educacao-continuada] [ionShutdownHook] com.zaxxer.hikari.HikariDataSource       : HikariPool-1 - Shutdown initiated...
2026-10-07T01:53:17.679-03:00  INFO 35186 --- [gamificacao-educacao-continuada] [ionShutdownHook] com.zaxxer.hikari.HikariDataSource       : HikariPool-1 - Shutdown completed.

  .   ____          _            __ _ _
 /\\ / ___'_ __ _ _(_)_ __  __ _ \ \ \ \
( ( )\___ | '_ | '_| | '_ \/ _` | \ \ \ \
 \\/  ___)| |_)| | | | | || (_| |  ) ) ) )
  '  |____| .__|_| |_|_| |_\__, | / / / /
 =========|_|==============|___/=/_/_/_/

 :: Spring Boot ::                (v3.4.2)

2026-10-07T01:53:19.424-03:00  INFO 35359 --- [gamificacao-educacao-continuada] [           main] b.e.u.g.GamificacaoApplication           : Starting GamificacaoApplication v1.0.0 using Java 21.0.12.1 with PID 35359 (/home/engler/devops/gamificacao-educacao-continuada/target/gamificacao-educacao-continuada-1.0.0.jar started by engler in /home/engler/devops/gamificacao-educacao-continuada)
2026-10-07T01:53:19.426-03:00  INFO 35359 --- [gamificacao-educacao-continuada] [           main] b.e.u.g.GamificacaoApplication           : The following 1 profile is active: "lab"
2026-10-07T01:53:20.328-03:00  INFO 35359 --- [gamificacao-educacao-continuada] [           main] .s.d.r.c.RepositoryConfigurationDelegate : Bootstrapping Spring Data JPA repositories in DEFAULT mode.
2026-10-07T01:53:20.390-03:00  INFO 35359 --- [gamificacao-educacao-continuada] [           main] .s.d.r.c.RepositoryConfigurationDelegate : Finished Spring Data repository scanning in 53 ms. Found 4 JPA repository interfaces.
2026-10-07T01:53:21.109-03:00  INFO 35359 --- [gamificacao-educacao-continuada] [           main] o.s.b.w.embedded.tomcat.TomcatWebServer  : Tomcat initialized with port 8080 (http)
2026-10-07T01:53:21.121-03:00  INFO 35359 --- [gamificacao-educacao-continuada] [           main] o.apache.catalina.core.StandardService   : Starting service [Tomcat]
2026-10-07T01:53:21.122-03:00  INFO 35359 --- [gamificacao-educacao-continuada] [           main] o.apache.catalina.core.StandardEngine    : Starting Servlet engine: [Apache Tomcat/10.1.34]
2026-10-07T01:53:21.148-03:00  INFO 35359 --- [gamificacao-educacao-continuada] [           main] o.a.c.c.C.[Tomcat].[localhost].[/]       : Initializing Spring embedded WebApplicationContext
2026-10-07T01:53:21.149-03:00  INFO 35359 --- [gamificacao-educacao-continuada] [           main] w.s.c.ServletWebServerApplicationContext : Root WebApplicationContext: initialization completed in 1675 ms
2026-10-07T01:53:21.524-03:00  INFO 35359 --- [gamificacao-educacao-continuada] [           main] o.hibernate.jpa.internal.util.LogHelper  : HHH000204: Processing PersistenceUnitInfo [name: default]
2026-10-07T01:53:21.593-03:00  INFO 35359 --- [gamificacao-educacao-continuada] [           main] org.hibernate.Version                    : HHH000412: Hibernate ORM core version 6.6.5.Final
2026-10-07T01:53:21.643-03:00  INFO 35359 --- [gamificacao-educacao-continuada] [           main] o.h.c.internal.RegionFactoryInitiator    : HHH000026: Second-level cache disabled
2026-10-07T01:53:21.889-03:00  INFO 35359 --- [gamificacao-educacao-continuada] [           main] o.s.o.j.p.SpringPersistenceUnitInfo      : No LoadTimeWeaver setup: ignoring JPA class transformer
2026-10-07T01:53:21.916-03:00  INFO 35359 --- [gamificacao-educacao-continuada] [           main] com.zaxxer.hikari.HikariDataSource       : HikariPool-1 - Starting...
2026-10-07T01:53:22.271-03:00  INFO 35359 --- [gamificacao-educacao-continuada] [           main] com.zaxxer.hikari.pool.HikariPool        : HikariPool-1 - Added connection conn1: url=jdbc:h2:file:/home/engler/devops/gamificacao-educacao-continuada/.runtime/run-20261007T045233Z/core user=SA
2026-10-07T01:53:22.273-03:00  INFO 35359 --- [gamificacao-educacao-continuada] [           main] com.zaxxer.hikari.HikariDataSource       : HikariPool-1 - Start completed.
2026-10-07T01:53:22.327-03:00  INFO 35359 --- [gamificacao-educacao-continuada] [           main] org.hibernate.orm.connections.pooling    : HHH10001005: Database info:
	Database JDBC URL [Connecting through datasource 'HikariDataSource (HikariPool-1)']
	Database driver: undefined/unknown
	Database version: 2.3.232
	Autocommit mode: undefined/unknown
	Isolation level: undefined/unknown
	Minimum pool size: undefined/unknown
	Maximum pool size: undefined/unknown
2026-10-07T01:53:23.114-03:00  INFO 35359 --- [gamificacao-educacao-continuada] [           main] o.h.e.t.j.p.i.JtaPlatformInitiator       : HHH000489: No JTA platform available (set 'hibernate.transaction.jta.platform' to enable JTA platform integration)
2026-10-07T01:53:23.171-03:00  INFO 35359 --- [gamificacao-educacao-continuada] [           main] j.LocalContainerEntityManagerFactoryBean : Initialized JPA EntityManagerFactory for persistence unit 'default'
2026-10-07T01:53:23.462-03:00  INFO 35359 --- [gamificacao-educacao-continuada] [           main] o.s.d.j.r.query.QueryEnhancerFactory     : Hibernate is in classpath; If applicable, HQL parser will be used.
2026-10-07T01:53:24.474-03:00  INFO 35359 --- [gamificacao-educacao-continuada] [           main] o.s.b.a.w.s.WelcomePageHandlerMapping    : Adding welcome page: class path resource [static/index.html]
2026-10-07T01:53:25.197-03:00  INFO 35359 --- [gamificacao-educacao-continuada] [           main] o.s.b.a.e.web.EndpointLinksResolver      : Exposing 3 endpoints beneath base path '/actuator'
2026-10-07T01:53:25.282-03:00  INFO 35359 --- [gamificacao-educacao-continuada] [           main] o.s.b.w.embedded.tomcat.TomcatWebServer  : Tomcat started on port 8080 (http) with context path '/'
2026-10-07T01:53:25.298-03:00  INFO 35359 --- [gamificacao-educacao-continuada] [           main] b.e.u.g.GamificacaoApplication           : Started GamificacaoApplication in 6.321 seconds (process running for 6.82)
2026-10-07T01:53:25.337-03:00  INFO 35359 --- [gamificacao-educacao-continuada] [0.1-8080-exec-1] o.a.c.c.C.[Tomcat].[localhost].[/]       : Initializing Spring DispatcherServlet 'dispatcherServlet'
2026-10-07T01:53:25.337-03:00  INFO 35359 --- [gamificacao-educacao-continuada] [0.1-8080-exec-1] o.s.web.servlet.DispatcherServlet        : Initializing Servlet 'dispatcherServlet'
2026-10-07T01:53:25.338-03:00  INFO 35359 --- [gamificacao-educacao-continuada] [0.1-8080-exec-1] o.s.web.servlet.DispatcherServlet        : Completed initialization in 1 ms
2026-10-07T01:53:25.821-03:00  INFO 35359 --- [gamificacao-educacao-continuada] [0.1-8080-exec-5] b.e.u.g.e.i.p.JpaRegistrarEvento         : curso_concluido eventId=d73f407b-b38c-4054-ab26-ec335bfe3275 instituicao=ac1 alunoId=1
2026-10-07T01:53:29.093-03:00  INFO 35359 --- [gamificacao-educacao-continuada] [0.1-8080-exec-7] b.e.u.g.e.i.p.JpaRegistrarEvento         : curso_concluido eventId=0a2162db-ea89-4077-bd0d-ae60358f971b instituicao=ac1 alunoId=1
2026-10-07T01:53:29.459-03:00  WARN 35359 --- [gamificacao-educacao-continuada] [   scheduling-1] b.e.u.g.e.application.OutboxDispatcher   : outbox_retry eventId=0a2162db-ea89-4077-bd0d-ae60358f971b tentativa=1
2026-10-07T01:53:31.467-03:00  WARN 35359 --- [gamificacao-educacao-continuada] [   scheduling-1] b.e.u.g.e.application.OutboxDispatcher   : outbox_retry eventId=0a2162db-ea89-4077-bd0d-ae60358f971b tentativa=2
