Started by user b1
Obtained Jenkinsfile from git /home/engler/devops/gamificacao-educacao-continuada
[Pipeline] Start of Pipeline
[Pipeline] node
Running on Jenkins in /tmp/b1-tools/jenkins-home/workspace/b1-architecture
[Pipeline] {
[Pipeline] stage
[Pipeline] { (Declarative: Checkout SCM)
[Pipeline] checkout
Selected Git installation does not exist. Using Default
The recommended git tool is: NONE
No credentials specified
 > git rev-parse --resolve-git-dir /tmp/b1-tools/jenkins-home/workspace/b1-architecture/.git # timeout=10
Fetching changes from the remote Git repository
 > git config remote.origin.url /home/engler/devops/gamificacao-educacao-continuada # timeout=10
Fetching upstream changes from /home/engler/devops/gamificacao-educacao-continuada
 > git --version # timeout=10
 > git --version # 'git version 2.43.0'
 > git fetch --tags --force --progress -- /home/engler/devops/gamificacao-educacao-continuada +refs/heads/*:refs/remotes/origin/* # timeout=10
 > git rev-parse refs/remotes/origin/main^{commit} # timeout=10
Checking out Revision b7cbcc747ed5bf49b9fb33a0b3609d9575154ae6 (refs/remotes/origin/main)
 > git config core.sparsecheckout # timeout=10
 > git checkout -f b7cbcc747ed5bf49b9fb33a0b3609d9575154ae6 # timeout=10
Commit message: "fix(b1): fecha rastreabilidade e empacota interface no artefato do Core"
First time build. Skipping changelog.
[Pipeline] }
[Pipeline] // stage
[Pipeline] withEnv
[Pipeline] {
[Pipeline] timestamps
[Pipeline] {
[Pipeline] timeout
[2026-10-07T04:50:18.811Z] Timeout set to expire in 20 min
[Pipeline] {
[Pipeline] stage
[Pipeline] { (Checkout)
[Pipeline] checkout
[2026-10-07T04:50:19.012Z] Selected Git installation does not exist. Using Default
[2026-10-07T04:50:19.012Z] The recommended git tool is: NONE
[2026-10-07T04:50:19.012Z] No credentials specified
[2026-10-07T04:50:19.013Z]  > git rev-parse --resolve-git-dir /tmp/b1-tools/jenkins-home/workspace/b1-architecture/.git # timeout=10
[2026-10-07T04:50:19.018Z] Fetching changes from the remote Git repository
[2026-10-07T04:50:19.020Z]  > git config remote.origin.url /home/engler/devops/gamificacao-educacao-continuada # timeout=10
[2026-10-07T04:50:19.027Z] Fetching upstream changes from /home/engler/devops/gamificacao-educacao-continuada
[2026-10-07T04:50:19.028Z]  > git --version # timeout=10
[2026-10-07T04:50:19.031Z]  > git --version # 'git version 2.43.0'
[2026-10-07T04:50:19.031Z]  > git fetch --tags --force --progress -- /home/engler/devops/gamificacao-educacao-continuada +refs/heads/*:refs/remotes/origin/* # timeout=10
[2026-10-07T04:50:19.052Z]  > git rev-parse refs/remotes/origin/main^{commit} # timeout=10
[2026-10-07T04:50:19.057Z] Checking out Revision b7cbcc747ed5bf49b9fb33a0b3609d9575154ae6 (refs/remotes/origin/main)
[2026-10-07T04:50:19.057Z]  > git config core.sparsecheckout # timeout=10
[2026-10-07T04:50:19.061Z]  > git checkout -f b7cbcc747ed5bf49b9fb33a0b3609d9575154ae6 # timeout=10
[2026-10-07T04:50:19.086Z] Commit message: "fix(b1): fecha rastreabilidade e empacota interface no artefato do Core"
[Pipeline] }
[Pipeline] // stage
[Pipeline] stage
[Pipeline] { (Core: regras, adapters e arquitetura)
[Pipeline] sh
[2026-10-07T04:50:19.553Z] + mvn -B verify
[2026-10-07T04:50:20.465Z] [INFO] Scanning for projects...
[2026-10-07T04:50:20.716Z] [INFO] 
[2026-10-07T04:50:20.716Z] [INFO] ----------< br.edu.unifacens:gamificacao-educacao-continuada >----------
[2026-10-07T04:50:20.716Z] [INFO] Building Gamificação Educação Continuada 1.0.0
[2026-10-07T04:50:20.716Z] [INFO] --------------------------------[ jar ]---------------------------------
[2026-10-07T04:50:21.267Z] [INFO] 
[2026-10-07T04:50:21.267Z] [INFO] --- jacoco-maven-plugin:0.8.12:prepare-agent (default) @ gamificacao-educacao-continuada ---
[2026-10-07T04:50:21.267Z] [INFO] argLine set to -javaagent:/home/engler/.m2/repository/org/jacoco/org.jacoco.agent/0.8.12/org.jacoco.agent-0.8.12-runtime.jar=destfile=/tmp/b1-tools/jenkins-home/workspace/b1-architecture/target/jacoco.exec
[2026-10-07T04:50:21.267Z] [INFO] 
[2026-10-07T04:50:21.267Z] [INFO] --- maven-resources-plugin:3.3.1:resources (default-resources) @ gamificacao-educacao-continuada ---
[2026-10-07T04:50:21.267Z] [INFO] Copying 4 resources from src/main/resources to target/classes
[2026-10-07T04:50:21.267Z] [INFO] Copying 1 resource from src/main/resources to target/classes
[2026-10-07T04:50:21.267Z] [INFO] 
[2026-10-07T04:50:21.267Z] [INFO] --- maven-compiler-plugin:3.13.0:compile (default-compile) @ gamificacao-educacao-continuada ---
[2026-10-07T04:50:21.518Z] [INFO] Nothing to compile - all classes are up to date.
[2026-10-07T04:50:21.518Z] [INFO] 
[2026-10-07T04:50:21.518Z] [INFO] --- maven-resources-plugin:3.3.1:testResources (default-testResources) @ gamificacao-educacao-continuada ---
[2026-10-07T04:50:21.518Z] [INFO] skip non existing resourceDirectory /tmp/b1-tools/jenkins-home/workspace/b1-architecture/src/test/resources
[2026-10-07T04:50:21.518Z] [INFO] 
[2026-10-07T04:50:21.518Z] [INFO] --- maven-compiler-plugin:3.13.0:testCompile (default-testCompile) @ gamificacao-educacao-continuada ---
[2026-10-07T04:50:21.518Z] [INFO] Nothing to compile - all classes are up to date.
[2026-10-07T04:50:21.518Z] [INFO] 
[2026-10-07T04:50:21.518Z] [INFO] --- maven-surefire-plugin:3.5.2:test (default-test) @ gamificacao-educacao-continuada ---
[2026-10-07T04:50:21.518Z] [INFO] Using auto detected provider org.apache.maven.surefire.junitplatform.JUnitPlatformProvider
[2026-10-07T04:50:21.768Z] [INFO] 
[2026-10-07T04:50:21.768Z] [INFO] -------------------------------------------------------
[2026-10-07T04:50:21.768Z] [INFO]  T E S T S
[2026-10-07T04:50:21.768Z] [INFO] -------------------------------------------------------
[2026-10-07T04:50:23.112Z] [INFO] Running br.edu.unifacens.gamificacao.architecture.ArchitectureTest
[2026-10-07T04:50:23.112Z] 01:50:22.879 [main] INFO com.tngtech.archunit.core.PluginLoader -- Detected Java version 21.0.12.1
[2026-10-07T04:50:25.981Z] [INFO] Tests run: 2, Failures: 0, Errors: 0, Skipped: 0, Time elapsed: 2.958 s -- in br.edu.unifacens.gamificacao.architecture.ArchitectureTest
[2026-10-07T04:50:25.981Z] [INFO] Running br.edu.unifacens.gamificacao.ia.TimeoutTest
[2026-10-07T04:50:27.325Z] [INFO] Tests run: 1, Failures: 0, Errors: 0, Skipped: 0, Time elapsed: 1.233 s -- in br.edu.unifacens.gamificacao.ia.TimeoutTest
[2026-10-07T04:50:27.325Z] [INFO] Running br.edu.unifacens.gamificacao.integration.TransactionRollbackTest
[2026-10-07T04:50:27.325Z] 01:50:27.201 [main] INFO org.springframework.test.context.support.AnnotationConfigContextLoaderUtils -- Could not detect default configuration classes for test class [br.edu.unifacens.gamificacao.integration.TransactionRollbackTest]: TransactionRollbackTest does not declare any static, non-private, non-final, nested classes annotated with @Configuration.
[2026-10-07T04:50:27.576Z] 01:50:27.338 [main] INFO org.springframework.boot.test.context.SpringBootTestContextBootstrapper -- Found @SpringBootConfiguration br.edu.unifacens.gamificacao.GamificacaoApplication for test class br.edu.unifacens.gamificacao.integration.TransactionRollbackTest
[2026-10-07T04:50:28.127Z] 
[2026-10-07T04:50:28.127Z]   .   ____          _            __ _ _
[2026-10-07T04:50:28.127Z]  /\\ / ___'_ __ _ _(_)_ __  __ _ \ \ \ \
[2026-10-07T04:50:28.127Z] ( ( )\___ | '_ | '_| | '_ \/ _` | \ \ \ \
[2026-10-07T04:50:28.127Z]  \\/  ___)| |_)| | | | | || (_| |  ) ) ) )
[2026-10-07T04:50:28.127Z]   '  |____| .__|_| |_|_| |_\__, | / / / /
[2026-10-07T04:50:28.127Z]  =========|_|==============|___/=/_/_/_/
[2026-10-07T04:50:28.127Z] 
[2026-10-07T04:50:28.127Z]  :: Spring Boot ::                (v3.4.2)
[2026-10-07T04:50:28.127Z] 
[2026-10-07T04:50:28.127Z] 2026-10-07T01:50:27.916-03:00  INFO 33622 --- [gamificacao-educacao-continuada] [           main] b.e.u.g.i.TransactionRollbackTest        : Starting TransactionRollbackTest using Java 21.0.12.1 with PID 33622 (started by engler in /tmp/b1-tools/jenkins-home/workspace/b1-architecture)
[2026-10-07T04:50:28.127Z] 2026-10-07T01:50:27.919-03:00  INFO 33622 --- [gamificacao-educacao-continuada] [           main] b.e.u.g.i.TransactionRollbackTest        : The following 1 profile is active: "h2"
[2026-10-07T04:50:29.470Z] 2026-10-07T01:50:29.071-03:00  INFO 33622 --- [gamificacao-educacao-continuada] [           main] .s.d.r.c.RepositoryConfigurationDelegate : Bootstrapping Spring Data JPA repositories in DEFAULT mode.
[2026-10-07T04:50:29.471Z] 2026-10-07T01:50:29.146-03:00  INFO 33622 --- [gamificacao-educacao-continuada] [           main] .s.d.r.c.RepositoryConfigurationDelegate : Finished Spring Data repository scanning in 56 ms. Found 4 JPA repository interfaces.
[2026-10-07T04:50:29.471Z] Mockito is currently self-attaching to enable the inline-mock-maker. This will no longer work in future releases of the JDK. Please add Mockito as an agent to your build what is described in Mockito's documentation: https://javadoc.io/doc/org.mockito/mockito-core/latest/org/mockito/Mockito.html#0.3
[2026-10-07T04:50:29.721Z] WARNING: A Java agent has been loaded dynamically (/home/engler/.m2/repository/net/bytebuddy/byte-buddy-agent/1.15.11/byte-buddy-agent-1.15.11.jar)
[2026-10-07T04:50:29.721Z] WARNING: If a serviceability tool is in use, please run with -XX:+EnableDynamicAgentLoading to hide this warning
[2026-10-07T04:50:29.721Z] WARNING: If a serviceability tool is not in use, please run with -Djdk.instrument.traceUsage for more information
[2026-10-07T04:50:29.721Z] WARNING: Dynamic loading of agents will be disallowed by default in a future release
[2026-10-07T04:50:29.972Z] OpenJDK 64-Bit Server VM warning: Sharing is only supported for boot loader classes because bootstrap classpath has been appended
[2026-10-07T04:50:33.190Z] 2026-10-07T01:50:31.772-03:00  INFO 33622 --- [gamificacao-educacao-continuada] [           main] o.hibernate.jpa.internal.util.LogHelper  : HHH000204: Processing PersistenceUnitInfo [name: default]
[2026-10-07T04:50:33.190Z] 2026-10-07T01:50:31.932-03:00  INFO 33622 --- [gamificacao-educacao-continuada] [           main] org.hibernate.Version                    : HHH000412: Hibernate ORM core version 6.6.5.Final
[2026-10-07T04:50:33.190Z] 2026-10-07T01:50:32.049-03:00  INFO 33622 --- [gamificacao-educacao-continuada] [           main] o.h.c.internal.RegionFactoryInitiator    : HHH000026: Second-level cache disabled
[2026-10-07T04:50:33.441Z] 2026-10-07T01:50:33.103-03:00  INFO 33622 --- [gamificacao-educacao-continuada] [           main] o.s.o.j.p.SpringPersistenceUnitInfo      : No LoadTimeWeaver setup: ignoring JPA class transformer
[2026-10-07T04:50:33.442Z] 2026-10-07T01:50:33.183-03:00  INFO 33622 --- [gamificacao-educacao-continuada] [           main] com.zaxxer.hikari.HikariDataSource       : HikariPool-1 - Starting...
[2026-10-07T04:50:34.785Z] 2026-10-07T01:50:34.329-03:00  INFO 33622 --- [gamificacao-educacao-continuada] [           main] com.zaxxer.hikari.pool.HikariPool        : HikariPool-1 - Added connection conn0: url=jdbc:h2:mem:gamificacao user=SA
[2026-10-07T04:50:34.785Z] 2026-10-07T01:50:34.332-03:00  INFO 33622 --- [gamificacao-educacao-continuada] [           main] com.zaxxer.hikari.HikariDataSource       : HikariPool-1 - Start completed.
[2026-10-07T04:50:34.785Z] 2026-10-07T01:50:34.422-03:00  INFO 33622 --- [gamificacao-educacao-continuada] [           main] org.hibernate.orm.connections.pooling    : HHH10001005: Database info:
[2026-10-07T04:50:34.785Z] 	Database JDBC URL [Connecting through datasource 'HikariDataSource (HikariPool-1)']
[2026-10-07T04:50:34.785Z] 	Database driver: undefined/unknown
[2026-10-07T04:50:34.785Z] 	Database version: 2.3.232
[2026-10-07T04:50:34.785Z] 	Autocommit mode: undefined/unknown
[2026-10-07T04:50:34.785Z] 	Isolation level: undefined/unknown
[2026-10-07T04:50:34.785Z] 	Minimum pool size: undefined/unknown
[2026-10-07T04:50:34.785Z] 	Maximum pool size: undefined/unknown
[2026-10-07T04:50:35.696Z] 2026-10-07T01:50:35.557-03:00  INFO 33622 --- [gamificacao-educacao-continuada] [           main] o.h.e.t.j.p.i.JtaPlatformInitiator       : HHH000489: No JTA platform available (set 'hibernate.transaction.jta.platform' to enable JTA platform integration)
[2026-10-07T04:50:45.574Z] 2026-10-07T01:50:45.425-03:00  INFO 33622 --- [gamificacao-educacao-continuada] [           main] j.LocalContainerEntityManagerFactoryBean : Initialized JPA EntityManagerFactory for persistence unit 'default'
[2026-10-07T04:50:46.724Z] 2026-10-07T01:50:46.177-03:00  INFO 33622 --- [gamificacao-educacao-continuada] [           main] o.s.d.j.r.query.QueryEnhancerFactory     : Hibernate is in classpath; If applicable, HQL parser will be used.
[2026-10-07T04:50:49.953Z] 2026-10-07T01:50:49.386-03:00  INFO 33622 --- [gamificacao-educacao-continuada] [           main] o.s.b.a.h2.H2ConsoleAutoConfiguration    : H2 console available at '/h2-console'. Database available at 'jdbc:h2:mem:gamificacao'
[2026-10-07T04:50:49.953Z] 2026-10-07T01:50:49.426-03:00  INFO 33622 --- [gamificacao-educacao-continuada] [           main] o.s.b.a.e.web.EndpointLinksResolver      : Exposing 2 endpoints beneath base path '/actuator'
[2026-10-07T04:50:49.953Z] 2026-10-07T01:50:49.507-03:00  INFO 33622 --- [gamificacao-educacao-continuada] [           main] b.e.u.g.i.TransactionRollbackTest        : Started TransactionRollbackTest in 22.01 seconds (process running for 26.897)
[2026-10-07T04:50:49.953Z] [INFO] Tests run: 1, Failures: 0, Errors: 0, Skipped: 0, Time elapsed: 22.79 s -- in br.edu.unifacens.gamificacao.integration.TransactionRollbackTest
[2026-10-07T04:50:49.953Z] [INFO] Running br.edu.unifacens.gamificacao.integration.CoreIntegrationTest
[2026-10-07T04:50:49.953Z] 2026-10-07T01:50:49.900-03:00  INFO 33622 --- [gamificacao-educacao-continuada] [           main] t.c.s.AnnotationConfigContextLoaderUtils : Could not detect default configuration classes for test class [br.edu.unifacens.gamificacao.integration.CoreIntegrationTest]: CoreIntegrationTest does not declare any static, non-private, non-final, nested classes annotated with @Configuration.
[2026-10-07T04:50:50.204Z] 2026-10-07T01:50:49.911-03:00  INFO 33622 --- [gamificacao-educacao-continuada] [           main] .b.t.c.SpringBootTestContextBootstrapper : Found @SpringBootConfiguration br.edu.unifacens.gamificacao.GamificacaoApplication for test class br.edu.unifacens.gamificacao.integration.CoreIntegrationTest
[2026-10-07T04:50:50.204Z] 
[2026-10-07T04:50:50.204Z]   .   ____          _            __ _ _
[2026-10-07T04:50:50.204Z]  /\\ / ___'_ __ _ _(_)_ __  __ _ \ \ \ \
[2026-10-07T04:50:50.204Z] ( ( )\___ | '_ | '_| | '_ \/ _` | \ \ \ \
[2026-10-07T04:50:50.204Z]  \\/  ___)| |_)| | | | | || (_| |  ) ) ) )
[2026-10-07T04:50:50.204Z]   '  |____| .__|_| |_|_| |_\__, | / / / /
[2026-10-07T04:50:50.204Z]  =========|_|==============|___/=/_/_/_/
[2026-10-07T04:50:50.204Z] 
[2026-10-07T04:50:50.204Z]  :: Spring Boot ::                (v3.4.2)
[2026-10-07T04:50:50.224Z] 
[2026-10-07T04:50:50.225Z] 2026-10-07T01:50:49.941-03:00  INFO 33622 --- [gamificacao-educacao-continuada] [           main] b.e.u.g.integration.CoreIntegrationTest  : Starting CoreIntegrationTest using Java 21.0.12.1 with PID 33622 (started by engler in /tmp/b1-tools/jenkins-home/workspace/b1-architecture)
[2026-10-07T04:50:50.225Z] 2026-10-07T01:50:49.942-03:00  INFO 33622 --- [gamificacao-educacao-continuada] [           main] b.e.u.g.integration.CoreIntegrationTest  : The following 1 profile is active: "h2"
[2026-10-07T04:50:50.485Z] 2026-10-07T01:50:50.230-03:00  INFO 33622 --- [gamificacao-educacao-continuada] [           main] .s.d.r.c.RepositoryConfigurationDelegate : Bootstrapping Spring Data JPA repositories in DEFAULT mode.
[2026-10-07T04:50:50.485Z] 2026-10-07T01:50:50.240-03:00  INFO 33622 --- [gamificacao-educacao-continuada] [           main] .s.d.r.c.RepositoryConfigurationDelegate : Finished Spring Data repository scanning in 9 ms. Found 4 JPA repository interfaces.
[2026-10-07T04:50:50.736Z] 2026-10-07T01:50:50.581-03:00  INFO 33622 --- [gamificacao-educacao-continuada] [           main] o.hibernate.jpa.internal.util.LogHelper  : HHH000204: Processing PersistenceUnitInfo [name: default]
[2026-10-07T04:50:50.736Z] 2026-10-07T01:50:50.583-03:00  INFO 33622 --- [gamificacao-educacao-continuada] [           main] o.h.c.internal.RegionFactoryInitiator    : HHH000026: Second-level cache disabled
[2026-10-07T04:50:50.736Z] 2026-10-07T01:50:50.592-03:00  INFO 33622 --- [gamificacao-educacao-continuada] [           main] o.s.o.j.p.SpringPersistenceUnitInfo      : No LoadTimeWeaver setup: ignoring JPA class transformer
[2026-10-07T04:50:50.736Z] 2026-10-07T01:50:50.593-03:00  INFO 33622 --- [gamificacao-educacao-continuada] [           main] com.zaxxer.hikari.HikariDataSource       : HikariPool-2 - Starting...
[2026-10-07T04:50:50.736Z] 2026-10-07T01:50:50.594-03:00  INFO 33622 --- [gamificacao-educacao-continuada] [           main] com.zaxxer.hikari.pool.HikariPool        : HikariPool-2 - Added connection conn10: url=jdbc:h2:mem:gamificacao user=SA
[2026-10-07T04:50:50.736Z] 2026-10-07T01:50:50.595-03:00  INFO 33622 --- [gamificacao-educacao-continuada] [           main] com.zaxxer.hikari.HikariDataSource       : HikariPool-2 - Start completed.
[2026-10-07T04:50:50.736Z] 2026-10-07T01:50:50.595-03:00  INFO 33622 --- [gamificacao-educacao-continuada] [           main] org.hibernate.orm.connections.pooling    : HHH10001005: Database info:
[2026-10-07T04:50:50.736Z] 	Database JDBC URL [Connecting through datasource 'HikariDataSource (HikariPool-2)']
[2026-10-07T04:50:50.736Z] 	Database driver: undefined/unknown
[2026-10-07T04:50:50.736Z] 	Database version: 2.3.232
[2026-10-07T04:50:50.736Z] 	Autocommit mode: undefined/unknown
[2026-10-07T04:50:50.736Z] 	Isolation level: undefined/unknown
[2026-10-07T04:50:50.736Z] 	Minimum pool size: undefined/unknown
[2026-10-07T04:50:50.737Z] 	Maximum pool size: undefined/unknown
[2026-10-07T04:50:50.988Z] 2026-10-07T01:50:50.698-03:00  INFO 33622 --- [gamificacao-educacao-continuada] [           main] o.h.e.t.j.p.i.JtaPlatformInitiator       : HHH000489: No JTA platform available (set 'hibernate.transaction.jta.platform' to enable JTA platform integration)
[2026-10-07T04:50:50.988Z] 2026-10-07T01:50:50.711-03:00  INFO 33622 --- [gamificacao-educacao-continuada] [           main] j.LocalContainerEntityManagerFactoryBean : Initialized JPA EntityManagerFactory for persistence unit 'default'
[2026-10-07T04:50:52.337Z] 2026-10-07T01:50:51.473-03:00  INFO 33622 --- [gamificacao-educacao-continuada] [           main] o.s.b.a.h2.H2ConsoleAutoConfiguration    : H2 console available at '/h2-console'. Database available at 'jdbc:h2:mem:gamificacao'
[2026-10-07T04:50:52.337Z] 2026-10-07T01:50:51.532-03:00  INFO 33622 --- [gamificacao-educacao-continuada] [           main] o.s.b.t.m.w.SpringBootMockServletContext : Initializing Spring TestDispatcherServlet ''
[2026-10-07T04:50:52.337Z] 2026-10-07T01:50:51.533-03:00  INFO 33622 --- [gamificacao-educacao-continuada] [           main] o.s.t.web.servlet.TestDispatcherServlet  : Initializing Servlet ''
[2026-10-07T04:50:52.337Z] 2026-10-07T01:50:51.539-03:00  INFO 33622 --- [gamificacao-educacao-continuada] [           main] o.s.b.a.e.web.EndpointLinksResolver      : Exposing 2 endpoints beneath base path '/actuator'
[2026-10-07T04:50:52.337Z] 2026-10-07T01:50:51.549-03:00  INFO 33622 --- [gamificacao-educacao-continuada] [           main] o.s.t.web.servlet.TestDispatcherServlet  : Completed initialization in 15 ms
[2026-10-07T04:50:52.337Z] 2026-10-07T01:50:51.608-03:00  INFO 33622 --- [gamificacao-educacao-continuada] [           main] b.e.u.g.integration.CoreIntegrationTest  : Started CoreIntegrationTest in 1.691 seconds (process running for 28.998)
[2026-10-07T04:50:52.588Z] 2026-10-07T01:50:52.324-03:00  INFO 33622 --- [gamificacao-educacao-continuada] [pool-4-thread-2] b.e.u.g.e.i.p.JpaRegistrarEvento         : curso_concluido eventId=d71e085a-e2e1-471a-a04f-3f5f7817ee5e instituicao=concorrencia alunoId=2
[2026-10-07T04:50:52.588Z] 2026-10-07T01:50:52.451-03:00  INFO 33622 --- [gamificacao-educacao-continuada] [           main] b.e.u.g.e.i.p.JpaRegistrarEvento         : curso_concluido eventId=b6772fc3-4d79-4545-9281-ce9e6c7bf64b instituicao=rank alunoId=3
[2026-10-07T04:50:52.838Z] 2026-10-07T01:50:52.559-03:00  INFO 33622 --- [gamificacao-educacao-continuada] [           main] b.e.u.g.e.i.p.JpaRegistrarEvento         : curso_concluido eventId=52f3f1c6-666d-4120-8484-c28bd3021352 instituicao=ac1 alunoId=6
[2026-10-07T04:50:52.838Z] 2026-10-07T01:50:52.651-03:00  INFO 33622 --- [gamificacao-educacao-continuada] [           main] b.e.u.g.e.i.p.JpaRegistrarEvento         : curso_concluido eventId=a6a3c222-7a3e-4c9c-90e8-5034a41023f1 instituicao=outbox alunoId=7
[2026-10-07T04:50:52.838Z] 2026-10-07T01:50:52.659-03:00  WARN 33622 --- [gamificacao-educacao-continuada] [           main] b.e.u.g.e.application.OutboxDispatcher   : outbox_retry eventId=d71e085a-e2e1-471a-a04f-3f5f7817ee5e tentativa=1
[2026-10-07T04:50:52.838Z] 2026-10-07T01:50:52.659-03:00  WARN 33622 --- [gamificacao-educacao-continuada] [           main] b.e.u.g.e.application.OutboxDispatcher   : outbox_retry eventId=b6772fc3-4d79-4545-9281-ce9e6c7bf64b tentativa=1
[2026-10-07T04:50:52.838Z] 2026-10-07T01:50:52.660-03:00  WARN 33622 --- [gamificacao-educacao-continuada] [           main] b.e.u.g.e.application.OutboxDispatcher   : outbox_retry eventId=52f3f1c6-666d-4120-8484-c28bd3021352 tentativa=1
[2026-10-07T04:50:52.838Z] 2026-10-07T01:50:52.660-03:00  WARN 33622 --- [gamificacao-educacao-continuada] [           main] b.e.u.g.e.application.OutboxDispatcher   : outbox_retry eventId=a6a3c222-7a3e-4c9c-90e8-5034a41023f1 tentativa=1
[2026-10-07T04:50:52.838Z] [INFO] Tests run: 5, Failures: 0, Errors: 0, Skipped: 0, Time elapsed: 2.825 s -- in br.edu.unifacens.gamificacao.integration.CoreIntegrationTest
[2026-10-07T04:50:52.838Z] [INFO] Running br.edu.unifacens.gamificacao.aluno.domain.AlunoTest
[2026-10-07T04:50:52.838Z] [INFO] Tests run: 8, Failures: 0, Errors: 0, Skipped: 0, Time elapsed: 0.012 s -- in br.edu.unifacens.gamificacao.aluno.domain.AlunoTest
[2026-10-07T04:50:52.838Z] [INFO] Running br.edu.unifacens.gamificacao.aluno.domain.ConquistasTest
[2026-10-07T04:50:52.838Z] [INFO] Tests run: 4, Failures: 0, Errors: 0, Skipped: 0, Time elapsed: 0.009 s -- in br.edu.unifacens.gamificacao.aluno.domain.ConquistasTest
[2026-10-07T04:50:52.839Z] [INFO] Running br.edu.unifacens.gamificacao.aluno.application.JpaAdapterContractTest
[2026-10-07T04:50:53.090Z] 2026-10-07T01:50:52.752-03:00  INFO 33622 --- [gamificacao-educacao-continuada] [           main] t.c.s.AnnotationConfigContextLoaderUtils : Could not detect default configuration classes for test class [br.edu.unifacens.gamificacao.aluno.application.JpaAdapterContractTest]: JpaAdapterContractTest does not declare any static, non-private, non-final, nested classes annotated with @Configuration.
[2026-10-07T04:50:53.090Z] 2026-10-07T01:50:52.761-03:00  INFO 33622 --- [gamificacao-educacao-continuada] [           main] .b.t.c.SpringBootTestContextBootstrapper : Found @SpringBootConfiguration br.edu.unifacens.gamificacao.GamificacaoApplication for test class br.edu.unifacens.gamificacao.aluno.application.JpaAdapterContractTest
[2026-10-07T04:50:53.090Z] 
[2026-10-07T04:50:53.090Z]   .   ____          _            __ _ _
[2026-10-07T04:50:53.090Z]  /\\ / ___'_ __ _ _(_)_ __  __ _ \ \ \ \
[2026-10-07T04:50:53.090Z] ( ( )\___ | '_ | '_| | '_ \/ _` | \ \ \ \
[2026-10-07T04:50:53.090Z]  \\/  ___)| |_)| | | | | || (_| |  ) ) ) )
[2026-10-07T04:50:53.090Z]   '  |____| .__|_| |_|_| |_\__, | / / / /
[2026-10-07T04:50:53.090Z]  =========|_|==============|___/=/_/_/_/
[2026-10-07T04:50:53.090Z] 
[2026-10-07T04:50:53.090Z]  :: Spring Boot ::                (v3.4.2)
[2026-10-07T04:50:53.090Z] 
[2026-10-07T04:50:53.090Z] 2026-10-07T01:50:52.786-03:00  INFO 33622 --- [gamificacao-educacao-continuada] [           main] b.e.u.g.a.a.JpaAdapterContractTest       : Starting JpaAdapterContractTest using Java 21.0.12.1 with PID 33622 (started by engler in /tmp/b1-tools/jenkins-home/workspace/b1-architecture)
[2026-10-07T04:50:53.090Z] 2026-10-07T01:50:52.786-03:00  INFO 33622 --- [gamificacao-educacao-continuada] [           main] b.e.u.g.a.a.JpaAdapterContractTest       : The following 1 profile is active: "h2"
[2026-10-07T04:50:53.340Z] 2026-10-07T01:50:52.998-03:00  INFO 33622 --- [gamificacao-educacao-continuada] [           main] .s.d.r.c.RepositoryConfigurationDelegate : Bootstrapping Spring Data JPA repositories in DEFAULT mode.
[2026-10-07T04:50:53.340Z] 2026-10-07T01:50:53.008-03:00  INFO 33622 --- [gamificacao-educacao-continuada] [           main] .s.d.r.c.RepositoryConfigurationDelegate : Finished Spring Data repository scanning in 8 ms. Found 4 JPA repository interfaces.
[2026-10-07T04:50:53.340Z] 2026-10-07T01:50:53.108-03:00  INFO 33622 --- [gamificacao-educacao-continuada] [           main] o.hibernate.jpa.internal.util.LogHelper  : HHH000204: Processing PersistenceUnitInfo [name: default]
[2026-10-07T04:50:53.340Z] 2026-10-07T01:50:53.110-03:00  INFO 33622 --- [gamificacao-educacao-continuada] [           main] o.h.c.internal.RegionFactoryInitiator    : HHH000026: Second-level cache disabled
[2026-10-07T04:50:53.340Z] 2026-10-07T01:50:53.118-03:00  INFO 33622 --- [gamificacao-educacao-continuada] [           main] o.s.o.j.p.SpringPersistenceUnitInfo      : No LoadTimeWeaver setup: ignoring JPA class transformer
[2026-10-07T04:50:53.340Z] 2026-10-07T01:50:53.118-03:00  INFO 33622 --- [gamificacao-educacao-continuada] [           main] com.zaxxer.hikari.HikariDataSource       : HikariPool-3 - Starting...
[2026-10-07T04:50:53.340Z] 2026-10-07T01:50:53.120-03:00  INFO 33622 --- [gamificacao-educacao-continuada] [           main] com.zaxxer.hikari.pool.HikariPool        : HikariPool-3 - Added connection conn20: url=jdbc:h2:mem:gamificacao user=SA
[2026-10-07T04:50:53.340Z] 2026-10-07T01:50:53.120-03:00  INFO 33622 --- [gamificacao-educacao-continuada] [           main] com.zaxxer.hikari.HikariDataSource       : HikariPool-3 - Start completed.
[2026-10-07T04:50:53.340Z] 2026-10-07T01:50:53.120-03:00  INFO 33622 --- [gamificacao-educacao-continuada] [           main] org.hibernate.orm.connections.pooling    : HHH10001005: Database info:
[2026-10-07T04:50:53.340Z] 	Database JDBC URL [Connecting through datasource 'HikariDataSource (HikariPool-3)']
[2026-10-07T04:50:53.340Z] 	Database driver: undefined/unknown
[2026-10-07T04:50:53.340Z] 	Database version: 2.3.232
[2026-10-07T04:50:53.340Z] 	Autocommit mode: undefined/unknown
[2026-10-07T04:50:53.340Z] 	Isolation level: undefined/unknown
[2026-10-07T04:50:53.340Z] 	Minimum pool size: undefined/unknown
[2026-10-07T04:50:53.340Z] 	Maximum pool size: undefined/unknown
[2026-10-07T04:50:53.340Z] 2026-10-07T01:50:53.194-03:00  INFO 33622 --- [gamificacao-educacao-continuada] [           main] o.h.e.t.j.p.i.JtaPlatformInitiator       : HHH000489: No JTA platform available (set 'hibernate.transaction.jta.platform' to enable JTA platform integration)
[2026-10-07T04:50:53.340Z] 2026-10-07T01:50:53.199-03:00  INFO 33622 --- [gamificacao-educacao-continuada] [           main] j.LocalContainerEntityManagerFactoryBean : Initialized JPA EntityManagerFactory for persistence unit 'default'
[2026-10-07T04:50:53.891Z] 2026-10-07T01:50:53.686-03:00  INFO 33622 --- [gamificacao-educacao-continuada] [           main] o.s.b.a.h2.H2ConsoleAutoConfiguration    : H2 console available at '/h2-console'. Database available at 'jdbc:h2:mem:gamificacao'
[2026-10-07T04:50:53.891Z] 2026-10-07T01:50:53.699-03:00  INFO 33622 --- [gamificacao-educacao-continuada] [           main] o.s.b.a.e.web.EndpointLinksResolver      : Exposing 2 endpoints beneath base path '/actuator'
[2026-10-07T04:50:53.891Z] 2026-10-07T01:50:53.721-03:00  INFO 33622 --- [gamificacao-educacao-continuada] [           main] b.e.u.g.a.a.JpaAdapterContractTest       : Started JpaAdapterContractTest in 0.956 seconds (process running for 31.111)
[2026-10-07T04:50:53.891Z] 2026-10-07T01:50:53.754-03:00  INFO 33622 --- [gamificacao-educacao-continuada] [           main] b.e.u.g.e.i.p.JpaRegistrarEvento         : curso_concluido eventId=4f43c1d4-219e-48c4-ae1d-43a11c4fc090 instituicao=ac1 alunoId=9
[2026-10-07T04:50:53.891Z] 2026-10-07T01:50:53.768-03:00  INFO 33622 --- [gamificacao-educacao-continuada] [           main] b.e.u.g.e.i.p.JpaRegistrarEvento         : curso_concluido eventId=e2f97152-50cf-4b02-8059-2dd35c0431c1 instituicao=ac1 alunoId=9
[2026-10-07T04:50:53.891Z] [INFO] Tests run: 2, Failures: 0, Errors: 0, Skipped: 0, Time elapsed: 1.021 s -- in br.edu.unifacens.gamificacao.aluno.application.JpaAdapterContractTest
[2026-10-07T04:50:53.891Z] [INFO] Running br.edu.unifacens.gamificacao.aluno.application.FakeAdapterContractTest
[2026-10-07T04:50:53.891Z] [INFO] Tests run: 2, Failures: 0, Errors: 0, Skipped: 0, Time elapsed: 0.005 s -- in br.edu.unifacens.gamificacao.aluno.application.FakeAdapterContractTest
[2026-10-07T04:50:54.145Z] [INFO] 
[2026-10-07T04:50:54.151Z] [INFO] Results:
[2026-10-07T04:50:54.151Z] [INFO] 
[2026-10-07T04:50:54.151Z] [INFO] Tests run: 25, Failures: 0, Errors: 0, Skipped: 0
[2026-10-07T04:50:54.151Z] [INFO] 
[2026-10-07T04:50:54.151Z] [INFO] 
[2026-10-07T04:50:54.151Z] [INFO] --- jacoco-maven-plugin:0.8.12:report (report) @ gamificacao-educacao-continuada ---
[2026-10-07T04:50:54.151Z] [INFO] Loading execution data file /tmp/b1-tools/jenkins-home/workspace/b1-architecture/target/jacoco.exec
[2026-10-07T04:50:54.151Z] [INFO] Analyzed bundle 'Gamificação Educação Continuada' with 1 classes
[2026-10-07T04:50:54.402Z] [INFO] 
[2026-10-07T04:50:54.402Z] [INFO] --- maven-jar-plugin:3.4.2:jar (default-jar) @ gamificacao-educacao-continuada ---
[2026-10-07T04:50:54.402Z] [INFO] 
[2026-10-07T04:50:54.402Z] [INFO] --- spring-boot-maven-plugin:3.4.2:repackage (repackage) @ gamificacao-educacao-continuada ---
[2026-10-07T04:50:54.652Z] [INFO] Replacing main artifact /tmp/b1-tools/jenkins-home/workspace/b1-architecture/target/gamificacao-educacao-continuada-1.0.0.jar with repackaged archive, adding nested dependencies in BOOT-INF/.
[2026-10-07T04:50:54.652Z] [INFO] The original artifact has been renamed to /tmp/b1-tools/jenkins-home/workspace/b1-architecture/target/gamificacao-educacao-continuada-1.0.0.jar.original
[2026-10-07T04:50:54.652Z] [INFO] 
[2026-10-07T04:50:54.652Z] [INFO] --- jacoco-maven-plugin:0.8.12:check (check) @ gamificacao-educacao-continuada ---
[2026-10-07T04:50:54.652Z] [INFO] Loading execution data file /tmp/b1-tools/jenkins-home/workspace/b1-architecture/target/jacoco.exec
[2026-10-07T04:50:54.652Z] [INFO] Analyzed bundle 'gamificacao-educacao-continuada' with 33 classes
[2026-10-07T04:50:54.652Z] [INFO] All coverage checks have been met.
[2026-10-07T04:50:54.652Z] [INFO] ------------------------------------------------------------------------
[2026-10-07T04:50:54.652Z] [INFO] BUILD SUCCESS
[2026-10-07T04:50:54.652Z] [INFO] ------------------------------------------------------------------------
[2026-10-07T04:50:54.652Z] [INFO] Total time:  34.362 s
[2026-10-07T04:50:54.652Z] [INFO] Finished at: 2026-10-07T01:50:54-03:00
[2026-10-07T04:50:54.652Z] [INFO] ------------------------------------------------------------------------
[Pipeline] }
[Pipeline] // stage
[Pipeline] stage
[Pipeline] { (Python: contratos e idempotência)
[Pipeline] sh
[2026-10-07T04:50:55.965Z] + set -eu
[2026-10-07T04:50:55.965Z] + uv venv --clear .venv
[2026-10-07T04:50:56.219Z] warning: virtualenv's `--clear` has no effect (uv always clears the virtual environment)
[2026-10-07T04:50:56.219Z] Using CPython 3.12.3 interpreter at: /usr/bin/python3
[2026-10-07T04:50:56.219Z] Creating virtual environment at: .venv
[2026-10-07T04:50:56.772Z] Activate with: source .venv/bin/activate
[2026-10-07T04:50:56.772Z] + uv pip install --python .venv/bin/python -r requirements.lock
[2026-10-07T04:50:57.025Z] Resolved 22 packages in 280ms
[2026-10-07T04:50:57.276Z] Installed 22 packages in 86ms
[2026-10-07T04:50:57.276Z]  + annotated-types==0.8.0
[2026-10-07T04:50:57.276Z]  + anyio==4.15.1
[2026-10-07T04:50:57.276Z]  + certifi==2026.7.22
[2026-10-07T04:50:57.276Z]  + click==8.5.0
[2026-10-07T04:50:57.276Z]  + fastapi==0.115.12
[2026-10-07T04:50:57.276Z]  + h11==0.16.0
[2026-10-07T04:50:57.276Z]  + httpcore==1.0.9
[2026-10-07T04:50:57.276Z]  + httpx==0.28.1
[2026-10-07T04:50:57.276Z]  + idna==3.20
[2026-10-07T04:50:57.276Z]  + iniconfig==2.3.0
[2026-10-07T04:50:57.276Z]  + packaging==26.3
[2026-10-07T04:50:57.276Z]  + paho-mqtt==2.1.0
[2026-10-07T04:50:57.276Z]  + pluggy==1.6.0
[2026-10-07T04:50:57.276Z]  + prometheus-client==0.21.1
[2026-10-07T04:50:57.276Z]  + pydantic==2.13.5
[2026-10-07T04:50:57.276Z]  + pydantic-core==2.46.5
[2026-10-07T04:50:57.276Z]  + pytest==8.3.5
[2026-10-07T04:50:57.276Z]  + pyyaml==6.0.2
[2026-10-07T04:50:57.276Z]  + starlette==0.46.2
[2026-10-07T04:50:57.276Z]  + typing-extensions==4.16.0
[2026-10-07T04:50:57.276Z]  + typing-inspection==0.4.4
[2026-10-07T04:50:57.276Z]  + uvicorn==0.34.0
[2026-10-07T04:50:57.276Z] + mkdir -p .runtime
[2026-10-07T04:50:57.276Z] + .venv/bin/python -m pytest -q tests --junitxml=.runtime/python-tests.xml
[2026-10-07T04:51:10.660Z] ....                                                                     [100%]
[2026-10-07T04:51:10.660Z] =============================== warnings summary ===============================
[2026-10-07T04:51:10.660Z] .venv/lib/python3.12/site-packages/starlette/testclient.py:37
[2026-10-07T04:51:10.660Z]   /tmp/b1-tools/jenkins-home/workspace/b1-architecture/.venv/lib/python3.12/site-packages/starlette/testclient.py:37: DeprecationWarning: The anyio.abc.BlockingPortal alias is deprecated, use anyio.from_thread.BlockingPortal instead.
[2026-10-07T04:51:10.660Z]     _PortalFactoryType = typing.Callable[[], typing.ContextManager[anyio.abc.BlockingPortal]]
[2026-10-07T04:51:10.660Z] 
[2026-10-07T04:51:10.660Z] -- Docs: https://docs.pytest.org/en/stable/how-to/capture-warnings.html
[2026-10-07T04:51:10.660Z] - generated xml file: /tmp/b1-tools/jenkins-home/workspace/b1-architecture/.runtime/python-tests.xml -
[2026-10-07T04:51:10.660Z] 4 passed, 1 warning in 9.97s
[Pipeline] }
[Pipeline] // stage
[Pipeline] stage
[Pipeline] { (Frontend AC1)
[Pipeline] sh
[2026-10-07T04:51:11.786Z] + npm --prefix frontend ci
[2026-10-07T04:51:13.130Z] 
[2026-10-07T04:51:13.130Z] added 34 packages, and audited 35 packages in 1s
[2026-10-07T04:51:13.130Z] 
[2026-10-07T04:51:13.130Z] 6 packages are looking for funding
[2026-10-07T04:51:13.130Z]   run `npm fund` for details
[2026-10-07T04:51:13.130Z] 
[2026-10-07T04:51:13.130Z] found 0 vulnerabilities
[2026-10-07T04:51:13.130Z] + npm --prefix frontend run build
[2026-10-07T04:51:13.130Z] 
[2026-10-07T04:51:13.130Z] > gamificacao-frontend@1.0.0 build
[2026-10-07T04:51:13.130Z] > vite build
[2026-10-07T04:51:13.130Z] 
[2026-10-07T04:51:13.130Z] vite v6.4.3 building for production...
[2026-10-07T04:51:13.381Z] transforming...
[2026-10-07T04:51:14.726Z] ✓ 10 modules transformed.
[2026-10-07T04:51:14.726Z] rendering chunks...
[2026-10-07T04:51:14.726Z] computing gzip size...
[2026-10-07T04:51:14.726Z] dist/index.html                  0.17 kB │ gzip:  0.14 kB
[2026-10-07T04:51:14.726Z] dist/assets/index-DOTA_xiy.css   1.50 kB │ gzip:  0.72 kB
[2026-10-07T04:51:14.726Z] dist/assets/index-BYo9nFcQ.js   72.64 kB │ gzip: 28.79 kB
[2026-10-07T04:51:14.726Z] ✓ built in 1.52s
[Pipeline] }
[Pipeline] // stage
[Pipeline] stage
[Pipeline] { (JAR com interface e artefatos)
[Pipeline] sh
[2026-10-07T04:51:15.874Z] + set -eu
[2026-10-07T04:51:15.874Z] + mkdir -p src/main/resources/static
[2026-10-07T04:51:15.874Z] + cp -r frontend/dist/. src/main/resources/static/
[2026-10-07T04:51:15.874Z] + mvn -B package -DskipTests
[2026-10-07T04:51:16.785Z] [INFO] Scanning for projects...
[2026-10-07T04:51:16.785Z] [INFO] 
[2026-10-07T04:51:16.785Z] [INFO] ----------< br.edu.unifacens:gamificacao-educacao-continuada >----------
[2026-10-07T04:51:16.785Z] [INFO] Building Gamificação Educação Continuada 1.0.0
[2026-10-07T04:51:16.785Z] [INFO] --------------------------------[ jar ]---------------------------------
[2026-10-07T04:51:17.697Z] [INFO] 
[2026-10-07T04:51:17.697Z] [INFO] --- jacoco-maven-plugin:0.8.12:prepare-agent (default) @ gamificacao-educacao-continuada ---
[2026-10-07T04:51:17.697Z] [INFO] argLine set to -javaagent:/home/engler/.m2/repository/org/jacoco/org.jacoco.agent/0.8.12/org.jacoco.agent-0.8.12-runtime.jar=destfile=/tmp/b1-tools/jenkins-home/workspace/b1-architecture/target/jacoco.exec
[2026-10-07T04:51:17.697Z] [INFO] 
[2026-10-07T04:51:17.697Z] [INFO] --- maven-resources-plugin:3.3.1:resources (default-resources) @ gamificacao-educacao-continuada ---
[2026-10-07T04:51:17.697Z] [INFO] Copying 4 resources from src/main/resources to target/classes
[2026-10-07T04:51:17.948Z] [INFO] Copying 4 resources from src/main/resources to target/classes
[2026-10-07T04:51:17.948Z] [INFO] 
[2026-10-07T04:51:17.948Z] [INFO] --- maven-compiler-plugin:3.13.0:compile (default-compile) @ gamificacao-educacao-continuada ---
[2026-10-07T04:51:18.203Z] [INFO] Nothing to compile - all classes are up to date.
[2026-10-07T04:51:18.203Z] [INFO] 
[2026-10-07T04:51:18.203Z] [INFO] --- maven-resources-plugin:3.3.1:testResources (default-testResources) @ gamificacao-educacao-continuada ---
[2026-10-07T04:51:18.203Z] [INFO] skip non existing resourceDirectory /tmp/b1-tools/jenkins-home/workspace/b1-architecture/src/test/resources
[2026-10-07T04:51:18.203Z] [INFO] 
[2026-10-07T04:51:18.203Z] [INFO] --- maven-compiler-plugin:3.13.0:testCompile (default-testCompile) @ gamificacao-educacao-continuada ---
[2026-10-07T04:51:18.203Z] [INFO] Nothing to compile - all classes are up to date.
[2026-10-07T04:51:18.205Z] [INFO] 
[2026-10-07T04:51:18.205Z] [INFO] --- maven-surefire-plugin:3.5.2:test (default-test) @ gamificacao-educacao-continuada ---
[2026-10-07T04:51:18.207Z] [INFO] Tests are skipped.
[2026-10-07T04:51:18.207Z] [INFO] 
[2026-10-07T04:51:18.207Z] [INFO] --- jacoco-maven-plugin:0.8.12:report (report) @ gamificacao-educacao-continuada ---
[2026-10-07T04:51:18.207Z] [INFO] Loading execution data file /tmp/b1-tools/jenkins-home/workspace/b1-architecture/target/jacoco.exec
[2026-10-07T04:51:18.207Z] [INFO] Analyzed bundle 'Gamificação Educação Continuada' with 1 classes
[2026-10-07T04:51:18.458Z] [INFO] 
[2026-10-07T04:51:18.458Z] [INFO] --- maven-jar-plugin:3.4.2:jar (default-jar) @ gamificacao-educacao-continuada ---
[2026-10-07T04:51:18.708Z] [INFO] Building jar: /tmp/b1-tools/jenkins-home/workspace/b1-architecture/target/gamificacao-educacao-continuada-1.0.0.jar
[2026-10-07T04:51:18.710Z] [INFO] 
[2026-10-07T04:51:18.710Z] [INFO] --- spring-boot-maven-plugin:3.4.2:repackage (repackage) @ gamificacao-educacao-continuada ---
[2026-10-07T04:51:18.961Z] [INFO] Replacing main artifact /tmp/b1-tools/jenkins-home/workspace/b1-architecture/target/gamificacao-educacao-continuada-1.0.0.jar with repackaged archive, adding nested dependencies in BOOT-INF/.
[2026-10-07T04:51:18.961Z] [INFO] The original artifact has been renamed to /tmp/b1-tools/jenkins-home/workspace/b1-architecture/target/gamificacao-educacao-continuada-1.0.0.jar.original
[2026-10-07T04:51:18.961Z] [INFO] ------------------------------------------------------------------------
[2026-10-07T04:51:18.961Z] [INFO] BUILD SUCCESS
[2026-10-07T04:51:18.961Z] [INFO] ------------------------------------------------------------------------
[2026-10-07T04:51:18.961Z] [INFO] Total time:  2.397 s
[2026-10-07T04:51:18.961Z] [INFO] Finished at: 2026-10-07T01:51:18-03:00
[2026-10-07T04:51:18.961Z] [INFO] ------------------------------------------------------------------------
[Pipeline] }
[Pipeline] // stage
[Pipeline] stage
[Pipeline] { (Configurações e rastreabilidade)
[Pipeline] sh
[2026-10-07T04:51:19.843Z] + .venv/bin/python scripts/validate-delivery.py
[2026-10-07T04:51:19.843Z] Entrega validada: seis ADRs/labs, oito etapas por desafio, três ASRs por desafio, evidências indexadas, links e configurações
[2026-10-07T04:51:19.843Z] + .venv/bin/python scripts/architecture-evidence.py
[2026-10-07T04:51:19.843Z] {
[2026-10-07T04:51:19.843Z]   "baseline_commit_ac1": "b31abd3",
[2026-10-07T04:51:19.843Z]   "caso_de_uso": "conclusao com recompensa",
[2026-10-07T04:51:19.843Z]   "antes": {
[2026-10-07T04:51:19.843Z]     "arquivo": "labs/desafio1/baseline/src/main/java/br/edu/unifacens/gamificacao/service/AlunoService.java",
[2026-10-07T04:51:19.843Z]     "imports": [
[2026-10-07T04:51:19.843Z]       "br.edu.unifacens.gamificacao.domain.Aluno",
[2026-10-07T04:51:19.843Z]       "br.edu.unifacens.gamificacao.dto.*",
[2026-10-07T04:51:19.843Z]       "br.edu.unifacens.gamificacao.entity.AlunoEntity",
[2026-10-07T04:51:19.843Z]       "br.edu.unifacens.gamificacao.repository.AlunoRepository"
[2026-10-07T04:51:19.843Z]     ],
[2026-10-07T04:51:19.843Z]     "acesso_direto_entidade_jpa": true,
[2026-10-07T04:51:19.843Z]     "acesso_direto_spring_data_repository": true
[2026-10-07T04:51:19.843Z]   },
[2026-10-07T04:51:19.843Z]   "depois": {
[2026-10-07T04:51:19.843Z]     "arquivo": "src/main/java/br/edu/unifacens/gamificacao/aluno/application/AlunoService.java",
[2026-10-07T04:51:19.843Z]     "imports": [
[2026-10-07T04:51:19.843Z]       "br.edu.unifacens.gamificacao.aluno.api.*",
[2026-10-07T04:51:19.843Z]       "br.edu.unifacens.gamificacao.eventos.api.RegistrarEvento",
[2026-10-07T04:51:19.843Z]       "br.edu.unifacens.gamificacao.eventos.api.CursoConcluido"
[2026-10-07T04:51:19.843Z]     ],
[2026-10-07T04:51:19.843Z]     "acesso_direto_entidade_jpa": false,
[2026-10-07T04:51:19.843Z]     "acesso_direto_spring_data_repository": false
[2026-10-07T04:51:19.845Z]   },
[2026-10-07T04:51:19.845Z]   "dominio": {
[2026-10-07T04:51:19.845Z]     "arquivos": 1,
[2026-10-07T04:51:19.845Z]     "imports_tecnicos": []
[2026-10-07T04:51:19.845Z]   },
[2026-10-07T04:51:19.845Z]   "observacao": "Agrupar pastas não reduz necessariamente o número de imports; a melhoria testada é a direção da dependência e o encapsulamento da persistência."
[2026-10-07T04:51:19.845Z] }
[Pipeline] }
[Pipeline] // stage
[Pipeline] stage
[Pipeline] { (Imagens versionadas)
Stage "Imagens versionadas" skipped due to when conditional
[Pipeline] getContext
[Pipeline] }
[Pipeline] // stage
[Pipeline] stage
[Pipeline] { (Deploy laboratório)
Stage "Deploy laboratório" skipped due to when conditional
[Pipeline] getContext
[Pipeline] }
[Pipeline] // stage
[Pipeline] stage
[Pipeline] { (Declarative: Post Actions)
[Pipeline] junit
[2026-10-07T04:51:20.768Z] Recording test results
[2026-10-07T04:51:20.871Z] [Checks API] No suitable checks publisher found.
[Pipeline] junit
[2026-10-07T04:51:20.927Z] Recording test results
[2026-10-07T04:51:21.015Z] [Checks API] No suitable checks publisher found.
[Pipeline] archiveArtifacts
[2026-10-07T04:51:21.095Z] Archiving artifacts
[Pipeline] }
[Pipeline] // stage
[Pipeline] }
[Pipeline] // timeout
[Pipeline] }
[Pipeline] // timestamps
[Pipeline] }
[Pipeline] // withEnv
[Pipeline] }
[Pipeline] // node
[Pipeline] End of Pipeline
Finished: SUCCESS
