Started by user b1
Obtained Jenkinsfile from git /home/engler/devops/gamificacao-educacao-continuada
[Pipeline] Start of Pipeline
[Pipeline] node
Running on Jenkins in /tmp/b1-tools/jenkins-home/workspace/b1-architecture
[Pipeline] {
[Pipeline] stage
[Pipeline] { (Declarative: Checkout SCM)
[Pipeline] checkout
Selected Git installation does not exist. Using Default
The recommended git tool is: NONE
No credentials specified
Cloning the remote Git repository
Cloning repository /home/engler/devops/gamificacao-educacao-continuada
 > git init /tmp/b1-tools/jenkins-home/workspace/b1-architecture # timeout=10
Fetching upstream changes from /home/engler/devops/gamificacao-educacao-continuada
 > git --version # timeout=10
 > git --version # 'git version 2.43.0'
 > git fetch --tags --force --progress -- /home/engler/devops/gamificacao-educacao-continuada +refs/heads/*:refs/remotes/origin/* # timeout=10
 > git config remote.origin.url /home/engler/devops/gamificacao-educacao-continuada # timeout=10
 > git config --add remote.origin.fetch +refs/heads/*:refs/remotes/origin/* # timeout=10
Avoid second fetch
 > git rev-parse refs/remotes/origin/feat/b1-architecture-lab^{commit} # timeout=10
Checking out Revision 5a00678360407ed33a9ee12cef9bbb4814c505aa (refs/remotes/origin/feat/b1-architecture-lab)
 > git config core.sparsecheckout # timeout=10
 > git checkout -f 5a00678360407ed33a9ee12cef9bbb4814c505aa # timeout=10
Commit message: "feat(b1): implementa seis desafios de arquitetura com labs e evidencias"
First time build. Skipping changelog.
[Pipeline] }
[Pipeline] // stage
[Pipeline] withEnv
[Pipeline] {
[Pipeline] timestamps
[Pipeline] {
[Pipeline] timeout
[2026-10-06T23:00:40.788Z] Timeout set to expire in 20 min
[Pipeline] {
[Pipeline] stage
[Pipeline] { (Checkout)
[Pipeline] checkout
[2026-10-06T23:00:41.225Z] Selected Git installation does not exist. Using Default
[2026-10-06T23:00:41.225Z] The recommended git tool is: NONE
[2026-10-06T23:00:41.225Z] No credentials specified
[2026-10-06T23:00:41.226Z]  > git rev-parse --resolve-git-dir /tmp/b1-tools/jenkins-home/workspace/b1-architecture/.git # timeout=10
[2026-10-06T23:00:41.236Z] Fetching changes from the remote Git repository
[2026-10-06T23:00:41.239Z]  > git config remote.origin.url /home/engler/devops/gamificacao-educacao-continuada # timeout=10
[2026-10-06T23:00:41.246Z] Fetching upstream changes from /home/engler/devops/gamificacao-educacao-continuada
[2026-10-06T23:00:41.246Z]  > git --version # timeout=10
[2026-10-06T23:00:41.252Z]  > git --version # 'git version 2.43.0'
[2026-10-06T23:00:41.252Z]  > git fetch --tags --force --progress -- /home/engler/devops/gamificacao-educacao-continuada +refs/heads/*:refs/remotes/origin/* # timeout=10
[2026-10-06T23:00:41.272Z]  > git rev-parse refs/remotes/origin/feat/b1-architecture-lab^{commit} # timeout=10
[2026-10-06T23:00:41.280Z] Checking out Revision 5a00678360407ed33a9ee12cef9bbb4814c505aa (refs/remotes/origin/feat/b1-architecture-lab)
[2026-10-06T23:00:41.280Z]  > git config core.sparsecheckout # timeout=10
[2026-10-06T23:00:41.287Z]  > git checkout -f 5a00678360407ed33a9ee12cef9bbb4814c505aa # timeout=10
[2026-10-06T23:00:41.347Z] Commit message: "feat(b1): implementa seis desafios de arquitetura com labs e evidencias"
[Pipeline] }
[Pipeline] // stage
[Pipeline] stage
[Pipeline] { (Core: regras, adapters e arquitetura)
[Pipeline] sh
[2026-10-06T23:00:42.051Z] + mvn -B verify
[2026-10-06T23:00:43.916Z] [INFO] Scanning for projects...
[2026-10-06T23:00:44.167Z] [INFO] 
[2026-10-06T23:00:44.167Z] [INFO] ----------< br.edu.unifacens:gamificacao-educacao-continuada >----------
[2026-10-06T23:00:44.167Z] [INFO] Building Gamificação Educação Continuada 1.0.0
[2026-10-06T23:00:44.167Z] [INFO] --------------------------------[ jar ]---------------------------------
[2026-10-06T23:00:45.080Z] [INFO] 
[2026-10-06T23:00:45.081Z] [INFO] --- jacoco-maven-plugin:0.8.12:prepare-agent (default) @ gamificacao-educacao-continuada ---
[2026-10-06T23:00:45.081Z] [INFO] argLine set to -javaagent:/home/engler/.m2/repository/org/jacoco/org.jacoco.agent/0.8.12/org.jacoco.agent-0.8.12-runtime.jar=destfile=/tmp/b1-tools/jenkins-home/workspace/b1-architecture/target/jacoco.exec
[2026-10-06T23:00:45.081Z] [INFO] 
[2026-10-06T23:00:45.081Z] [INFO] --- maven-resources-plugin:3.3.1:resources (default-resources) @ gamificacao-educacao-continuada ---
[2026-10-06T23:00:45.332Z] [INFO] Copying 4 resources from src/main/resources to target/classes
[2026-10-06T23:00:45.332Z] [INFO] Copying 1 resource from src/main/resources to target/classes
[2026-10-06T23:00:45.332Z] [INFO] 
[2026-10-06T23:00:45.332Z] [INFO] --- maven-compiler-plugin:3.13.0:compile (default-compile) @ gamificacao-educacao-continuada ---
[2026-10-06T23:00:45.332Z] [INFO] Recompiling the module because of changed source code.
[2026-10-06T23:00:45.584Z] [INFO] Compiling 37 source files with javac [debug parameters release 21] to target/classes
[2026-10-06T23:00:47.450Z] [INFO] 
[2026-10-06T23:00:47.450Z] [INFO] --- maven-resources-plugin:3.3.1:testResources (default-testResources) @ gamificacao-educacao-continuada ---
[2026-10-06T23:00:47.450Z] [INFO] skip non existing resourceDirectory /tmp/b1-tools/jenkins-home/workspace/b1-architecture/src/test/resources
[2026-10-06T23:00:47.450Z] [INFO] 
[2026-10-06T23:00:47.450Z] [INFO] --- maven-compiler-plugin:3.13.0:testCompile (default-testCompile) @ gamificacao-educacao-continuada ---
[2026-10-06T23:00:47.450Z] [INFO] Recompiling the module because of changed dependency.
[2026-10-06T23:00:47.450Z] [INFO] Compiling 10 source files with javac [debug parameters release 21] to target/test-classes
[2026-10-06T23:00:48.796Z] [WARNING] /tmp/b1-tools/jenkins-home/workspace/b1-architecture/src/test/java/br/edu/unifacens/gamificacao/integration/CoreIntegrationTest.java:[26,6] org.springframework.boot.test.mock.mockito.MockBean in org.springframework.boot.test.mock.mockito has been deprecated and marked for removal
[2026-10-06T23:00:48.796Z] [WARNING] /tmp/b1-tools/jenkins-home/workspace/b1-architecture/src/test/java/br/edu/unifacens/gamificacao/integration/CoreIntegrationTest.java:[27,6] org.springframework.boot.test.mock.mockito.MockBean in org.springframework.boot.test.mock.mockito has been deprecated and marked for removal
[2026-10-06T23:00:48.796Z] [WARNING] /tmp/b1-tools/jenkins-home/workspace/b1-architecture/src/test/java/br/edu/unifacens/gamificacao/integration/TransactionRollbackTest.java:[17,6] org.springframework.boot.test.mock.mockito.MockBean in org.springframework.boot.test.mock.mockito has been deprecated and marked for removal
[2026-10-06T23:00:48.797Z] [INFO] 
[2026-10-06T23:00:48.797Z] [INFO] --- maven-surefire-plugin:3.5.2:test (default-test) @ gamificacao-educacao-continuada ---
[2026-10-06T23:00:48.797Z] [INFO] Using auto detected provider org.apache.maven.surefire.junitplatform.JUnitPlatformProvider
[2026-10-06T23:00:48.797Z] [INFO] 
[2026-10-06T23:00:48.797Z] [INFO] -------------------------------------------------------
[2026-10-06T23:00:48.797Z] [INFO]  T E S T S
[2026-10-06T23:00:48.797Z] [INFO] -------------------------------------------------------
[2026-10-06T23:00:56.844Z] [INFO] Running br.edu.unifacens.gamificacao.architecture.ArchitectureTest
[2026-10-06T23:00:56.844Z] 20:00:55.576 [main] INFO com.tngtech.archunit.core.PluginLoader -- Detected Java version 21.0.12.1
[2026-10-06T23:01:00.098Z] [INFO] Tests run: 2, Failures: 0, Errors: 0, Skipped: 0, Time elapsed: 4.241 s -- in br.edu.unifacens.gamificacao.architecture.ArchitectureTest
[2026-10-06T23:01:00.098Z] [INFO] Running br.edu.unifacens.gamificacao.ia.TimeoutTest
[2026-10-06T23:01:01.963Z] [INFO] Tests run: 1, Failures: 0, Errors: 0, Skipped: 0, Time elapsed: 1.794 s -- in br.edu.unifacens.gamificacao.ia.TimeoutTest
[2026-10-06T23:01:01.963Z] [INFO] Running br.edu.unifacens.gamificacao.integration.TransactionRollbackTest
[2026-10-06T23:01:02.214Z] 20:01:01.895 [main] INFO org.springframework.test.context.support.AnnotationConfigContextLoaderUtils -- Could not detect default configuration classes for test class [br.edu.unifacens.gamificacao.integration.TransactionRollbackTest]: TransactionRollbackTest does not declare any static, non-private, non-final, nested classes annotated with @Configuration.
[2026-10-06T23:01:02.465Z] 20:01:02.243 [main] INFO org.springframework.boot.test.context.SpringBootTestContextBootstrapper -- Found @SpringBootConfiguration br.edu.unifacens.gamificacao.GamificacaoApplication for test class br.edu.unifacens.gamificacao.integration.TransactionRollbackTest
[2026-10-06T23:01:03.813Z] 
[2026-10-06T23:01:03.813Z]   .   ____          _            __ _ _
[2026-10-06T23:01:03.813Z]  /\\ / ___'_ __ _ _(_)_ __  __ _ \ \ \ \
[2026-10-06T23:01:03.813Z] ( ( )\___ | '_ | '_| | '_ \/ _` | \ \ \ \
[2026-10-06T23:01:03.813Z]  \\/  ___)| |_)| | | | | || (_| |  ) ) ) )
[2026-10-06T23:01:03.813Z]   '  |____| .__|_| |_|_| |_\__, | / / / /
[2026-10-06T23:01:03.813Z]  =========|_|==============|___/=/_/_/_/
[2026-10-06T23:01:03.813Z] 
[2026-10-06T23:01:03.813Z]  :: Spring Boot ::                (v3.4.2)
[2026-10-06T23:01:03.813Z] 
[2026-10-06T23:01:03.813Z] 2026-10-06T20:01:03.443-03:00  INFO 67857 --- [gamificacao-educacao-continuada] [           main] b.e.u.g.i.TransactionRollbackTest        : Starting TransactionRollbackTest using Java 21.0.12.1 with PID 67857 (started by engler in /tmp/b1-tools/jenkins-home/workspace/b1-architecture)
[2026-10-06T23:01:03.813Z] 2026-10-06T20:01:03.461-03:00  INFO 67857 --- [gamificacao-educacao-continuada] [           main] b.e.u.g.i.TransactionRollbackTest        : The following 1 profile is active: "h2"
[2026-10-06T23:01:06.300Z] 2026-10-06T20:01:06.043-03:00  INFO 67857 --- [gamificacao-educacao-continuada] [           main] .s.d.r.c.RepositoryConfigurationDelegate : Bootstrapping Spring Data JPA repositories in DEFAULT mode.
[2026-10-06T23:01:06.551Z] 2026-10-06T20:01:06.225-03:00  INFO 67857 --- [gamificacao-educacao-continuada] [           main] .s.d.r.c.RepositoryConfigurationDelegate : Finished Spring Data repository scanning in 157 ms. Found 4 JPA repository interfaces.
[2026-10-06T23:01:07.104Z] Mockito is currently self-attaching to enable the inline-mock-maker. This will no longer work in future releases of the JDK. Please add Mockito as an agent to your build what is described in Mockito's documentation: https://javadoc.io/doc/org.mockito/mockito-core/latest/org/mockito/Mockito.html#0.3
[2026-10-06T23:01:07.357Z] OpenJDK 64-Bit Server VM warning: Sharing is only supported for boot loader classes because bootstrap classpath has been appended
[2026-10-06T23:01:07.357Z] WARNING: A Java agent has been loaded dynamically (/home/engler/.m2/repository/net/bytebuddy/byte-buddy-agent/1.15.11/byte-buddy-agent-1.15.11.jar)
[2026-10-06T23:01:07.357Z] WARNING: If a serviceability tool is in use, please run with -XX:+EnableDynamicAgentLoading to hide this warning
[2026-10-06T23:01:07.357Z] WARNING: If a serviceability tool is not in use, please run with -Djdk.instrument.traceUsage for more information
[2026-10-06T23:01:07.357Z] WARNING: Dynamic loading of agents will be disallowed by default in a future release
[2026-10-06T23:01:11.485Z] 2026-10-06T20:01:11.468-03:00  INFO 67857 --- [gamificacao-educacao-continuada] [           main] o.hibernate.jpa.internal.util.LogHelper  : HHH000204: Processing PersistenceUnitInfo [name: default]
[2026-10-06T23:01:12.037Z] 2026-10-06T20:01:11.755-03:00  INFO 67857 --- [gamificacao-educacao-continuada] [           main] org.hibernate.Version                    : HHH000412: Hibernate ORM core version 6.6.5.Final
[2026-10-06T23:01:12.037Z] 2026-10-06T20:01:11.960-03:00  INFO 67857 --- [gamificacao-educacao-continuada] [           main] o.h.c.internal.RegionFactoryInitiator    : HHH000026: Second-level cache disabled
[2026-10-06T23:01:12.589Z] 2026-10-06T20:01:12.504-03:00  INFO 67857 --- [gamificacao-educacao-continuada] [           main] o.s.o.j.p.SpringPersistenceUnitInfo      : No LoadTimeWeaver setup: ignoring JPA class transformer
[2026-10-06T23:01:12.840Z] 2026-10-06T20:01:12.620-03:00  INFO 67857 --- [gamificacao-educacao-continuada] [           main] com.zaxxer.hikari.HikariDataSource       : HikariPool-1 - Starting...
[2026-10-06T23:01:13.753Z] 2026-10-06T20:01:13.631-03:00  INFO 67857 --- [gamificacao-educacao-continuada] [           main] com.zaxxer.hikari.pool.HikariPool        : HikariPool-1 - Added connection conn0: url=jdbc:h2:mem:gamificacao user=SA
[2026-10-06T23:01:13.753Z] 2026-10-06T20:01:13.639-03:00  INFO 67857 --- [gamificacao-educacao-continuada] [           main] com.zaxxer.hikari.HikariDataSource       : HikariPool-1 - Start completed.
[2026-10-06T23:01:14.004Z] 2026-10-06T20:01:13.946-03:00  INFO 67857 --- [gamificacao-educacao-continuada] [           main] org.hibernate.orm.connections.pooling    : HHH10001005: Database info:
[2026-10-06T23:01:14.004Z] 	Database JDBC URL [Connecting through datasource 'HikariDataSource (HikariPool-1)']
[2026-10-06T23:01:14.004Z] 	Database driver: undefined/unknown
[2026-10-06T23:01:14.004Z] 	Database version: 2.3.232
[2026-10-06T23:01:14.004Z] 	Autocommit mode: undefined/unknown
[2026-10-06T23:01:14.004Z] 	Isolation level: undefined/unknown
[2026-10-06T23:01:14.004Z] 	Minimum pool size: undefined/unknown
[2026-10-06T23:01:14.004Z] 	Maximum pool size: undefined/unknown
[2026-10-06T23:01:16.493Z] 2026-10-06T20:01:16.130-03:00  INFO 67857 --- [gamificacao-educacao-continuada] [           main] o.h.e.t.j.p.i.JtaPlatformInitiator       : HHH000489: No JTA platform available (set 'hibernate.transaction.jta.platform' to enable JTA platform integration)
[2026-10-06T23:01:16.493Z] 2026-10-06T20:01:16.327-03:00  INFO 67857 --- [gamificacao-educacao-continuada] [           main] j.LocalContainerEntityManagerFactoryBean : Initialized JPA EntityManagerFactory for persistence unit 'default'
[2026-10-06T23:01:17.406Z] 2026-10-06T20:01:17.090-03:00  INFO 67857 --- [gamificacao-educacao-continuada] [           main] o.s.d.j.r.query.QueryEnhancerFactory     : Hibernate is in classpath; If applicable, HQL parser will be used.
[2026-10-06T23:01:23.894Z] 2026-10-06T20:01:23.076-03:00  INFO 67857 --- [gamificacao-educacao-continuada] [           main] o.s.b.a.h2.H2ConsoleAutoConfiguration    : H2 console available at '/h2-console'. Database available at 'jdbc:h2:mem:gamificacao'
[2026-10-06T23:01:23.894Z] 2026-10-06T20:01:23.181-03:00  INFO 67857 --- [gamificacao-educacao-continuada] [           main] o.s.b.a.e.web.EndpointLinksResolver      : Exposing 2 endpoints beneath base path '/actuator'
[2026-10-06T23:01:23.895Z] 2026-10-06T20:01:23.348-03:00  INFO 67857 --- [gamificacao-educacao-continuada] [           main] b.e.u.g.i.TransactionRollbackTest        : Started TransactionRollbackTest in 20.778 seconds (process running for 33.602)
[2026-10-06T23:01:23.895Z] [INFO] Tests run: 1, Failures: 0, Errors: 0, Skipped: 0, Time elapsed: 22.17 s -- in br.edu.unifacens.gamificacao.integration.TransactionRollbackTest
[2026-10-06T23:01:23.895Z] [INFO] Running br.edu.unifacens.gamificacao.integration.CoreIntegrationTest
[2026-10-06T23:01:24.145Z] 2026-10-06T20:01:23.890-03:00  INFO 67857 --- [gamificacao-educacao-continuada] [           main] t.c.s.AnnotationConfigContextLoaderUtils : Could not detect default configuration classes for test class [br.edu.unifacens.gamificacao.integration.CoreIntegrationTest]: CoreIntegrationTest does not declare any static, non-private, non-final, nested classes annotated with @Configuration.
[2026-10-06T23:01:24.146Z] 2026-10-06T20:01:23.905-03:00  INFO 67857 --- [gamificacao-educacao-continuada] [           main] .b.t.c.SpringBootTestContextBootstrapper : Found @SpringBootConfiguration br.edu.unifacens.gamificacao.GamificacaoApplication for test class br.edu.unifacens.gamificacao.integration.CoreIntegrationTest
[2026-10-06T23:01:24.146Z] 
[2026-10-06T23:01:24.146Z]   .   ____          _            __ _ _
[2026-10-06T23:01:24.146Z]  /\\ / ___'_ __ _ _(_)_ __  __ _ \ \ \ \
[2026-10-06T23:01:24.146Z] ( ( )\___ | '_ | '_| | '_ \/ _` | \ \ \ \
[2026-10-06T23:01:24.146Z]  \\/  ___)| |_)| | | | | || (_| |  ) ) ) )
[2026-10-06T23:01:24.146Z]   '  |____| .__|_| |_|_| |_\__, | / / / /
[2026-10-06T23:01:24.146Z]  =========|_|==============|___/=/_/_/_/
[2026-10-06T23:01:24.146Z] 
[2026-10-06T23:01:24.146Z]  :: Spring Boot ::                (v3.4.2)
[2026-10-06T23:01:24.146Z] 
[2026-10-06T23:01:24.146Z] 2026-10-06T20:01:23.968-03:00  INFO 67857 --- [gamificacao-educacao-continuada] [           main] b.e.u.g.integration.CoreIntegrationTest  : Starting CoreIntegrationTest using Java 21.0.12.1 with PID 67857 (started by engler in /tmp/b1-tools/jenkins-home/workspace/b1-architecture)
[2026-10-06T23:01:24.146Z] 2026-10-06T20:01:23.969-03:00  INFO 67857 --- [gamificacao-educacao-continuada] [           main] b.e.u.g.integration.CoreIntegrationTest  : The following 1 profile is active: "h2"
[2026-10-06T23:01:24.699Z] 2026-10-06T20:01:24.515-03:00  INFO 67857 --- [gamificacao-educacao-continuada] [           main] .s.d.r.c.RepositoryConfigurationDelegate : Bootstrapping Spring Data JPA repositories in DEFAULT mode.
[2026-10-06T23:01:24.699Z] 2026-10-06T20:01:24.534-03:00  INFO 67857 --- [gamificacao-educacao-continuada] [           main] .s.d.r.c.RepositoryConfigurationDelegate : Finished Spring Data repository scanning in 17 ms. Found 4 JPA repository interfaces.
[2026-10-06T23:01:25.251Z] 2026-10-06T20:01:24.993-03:00  INFO 67857 --- [gamificacao-educacao-continuada] [           main] o.hibernate.jpa.internal.util.LogHelper  : HHH000204: Processing PersistenceUnitInfo [name: default]
[2026-10-06T23:01:25.251Z] 2026-10-06T20:01:24.996-03:00  INFO 67857 --- [gamificacao-educacao-continuada] [           main] o.h.c.internal.RegionFactoryInitiator    : HHH000026: Second-level cache disabled
[2026-10-06T23:01:25.251Z] 2026-10-06T20:01:25.010-03:00  INFO 67857 --- [gamificacao-educacao-continuada] [           main] o.s.o.j.p.SpringPersistenceUnitInfo      : No LoadTimeWeaver setup: ignoring JPA class transformer
[2026-10-06T23:01:25.251Z] 2026-10-06T20:01:25.013-03:00  INFO 67857 --- [gamificacao-educacao-continuada] [           main] com.zaxxer.hikari.HikariDataSource       : HikariPool-2 - Starting...
[2026-10-06T23:01:25.251Z] 2026-10-06T20:01:25.015-03:00  INFO 67857 --- [gamificacao-educacao-continuada] [           main] com.zaxxer.hikari.pool.HikariPool        : HikariPool-2 - Added connection conn10: url=jdbc:h2:mem:gamificacao user=SA
[2026-10-06T23:01:25.251Z] 2026-10-06T20:01:25.015-03:00  INFO 67857 --- [gamificacao-educacao-continuada] [           main] com.zaxxer.hikari.HikariDataSource       : HikariPool-2 - Start completed.
[2026-10-06T23:01:25.251Z] 2026-10-06T20:01:25.016-03:00  INFO 67857 --- [gamificacao-educacao-continuada] [           main] org.hibernate.orm.connections.pooling    : HHH10001005: Database info:
[2026-10-06T23:01:25.251Z] 	Database JDBC URL [Connecting through datasource 'HikariDataSource (HikariPool-2)']
[2026-10-06T23:01:25.251Z] 	Database driver: undefined/unknown
[2026-10-06T23:01:25.251Z] 	Database version: 2.3.232
[2026-10-06T23:01:25.251Z] 	Autocommit mode: undefined/unknown
[2026-10-06T23:01:25.251Z] 	Isolation level: undefined/unknown
[2026-10-06T23:01:25.251Z] 	Minimum pool size: undefined/unknown
[2026-10-06T23:01:25.251Z] 	Maximum pool size: undefined/unknown
[2026-10-06T23:01:25.251Z] 2026-10-06T20:01:25.174-03:00  INFO 67857 --- [gamificacao-educacao-continuada] [           main] o.h.e.t.j.p.i.JtaPlatformInitiator       : HHH000489: No JTA platform available (set 'hibernate.transaction.jta.platform' to enable JTA platform integration)
[2026-10-06T23:01:25.502Z] 2026-10-06T20:01:25.191-03:00  INFO 67857 --- [gamificacao-educacao-continuada] [           main] j.LocalContainerEntityManagerFactoryBean : Initialized JPA EntityManagerFactory for persistence unit 'default'
[2026-10-06T23:01:26.849Z] 2026-10-06T20:01:26.555-03:00  INFO 67857 --- [gamificacao-educacao-continuada] [           main] o.s.b.a.h2.H2ConsoleAutoConfiguration    : H2 console available at '/h2-console'. Database available at 'jdbc:h2:mem:gamificacao'
[2026-10-06T23:01:26.849Z] 2026-10-06T20:01:26.636-03:00  INFO 67857 --- [gamificacao-educacao-continuada] [           main] o.s.b.t.m.w.SpringBootMockServletContext : Initializing Spring TestDispatcherServlet ''
[2026-10-06T23:01:26.849Z] 2026-10-06T20:01:26.637-03:00  INFO 67857 --- [gamificacao-educacao-continuada] [           main] o.s.t.web.servlet.TestDispatcherServlet  : Initializing Servlet ''
[2026-10-06T23:01:26.849Z] 2026-10-06T20:01:26.647-03:00  INFO 67857 --- [gamificacao-educacao-continuada] [           main] o.s.b.a.e.web.EndpointLinksResolver      : Exposing 2 endpoints beneath base path '/actuator'
[2026-10-06T23:01:26.849Z] 2026-10-06T20:01:26.672-03:00  INFO 67857 --- [gamificacao-educacao-continuada] [           main] o.s.t.web.servlet.TestDispatcherServlet  : Completed initialization in 33 ms
[2026-10-06T23:01:26.849Z] 2026-10-06T20:01:26.746-03:00  INFO 67857 --- [gamificacao-educacao-continuada] [           main] b.e.u.g.integration.CoreIntegrationTest  : Started CoreIntegrationTest in 2.835 seconds (process running for 37.0)
[2026-10-06T23:01:27.762Z] 2026-10-06T20:01:27.409-03:00  INFO 67857 --- [gamificacao-educacao-continuada] [pool-4-thread-3] b.e.u.g.e.i.p.JpaRegistrarEvento         : curso_concluido eventId=e4d5c0d5-bd53-47dc-97c8-1d59aca9f3c9 instituicao=concorrencia alunoId=2
[2026-10-06T23:01:27.762Z] 2026-10-06T20:01:27.595-03:00  INFO 67857 --- [gamificacao-educacao-continuada] [           main] b.e.u.g.e.i.p.JpaRegistrarEvento         : curso_concluido eventId=afbf37e9-9d80-4154-8ac6-45d6e353f0c7 instituicao=rank alunoId=3
[2026-10-06T23:01:28.013Z] 2026-10-06T20:01:27.766-03:00  INFO 67857 --- [gamificacao-educacao-continuada] [           main] b.e.u.g.e.i.p.JpaRegistrarEvento         : curso_concluido eventId=6367d088-2a2c-421c-beb2-2517a559fa9a instituicao=ac1 alunoId=6
[2026-10-06T23:01:28.013Z] 2026-10-06T20:01:27.935-03:00  INFO 67857 --- [gamificacao-educacao-continuada] [           main] b.e.u.g.e.i.p.JpaRegistrarEvento         : curso_concluido eventId=5fbc1e16-3c21-43b1-81f5-e86c6568c965 instituicao=outbox alunoId=7
[2026-10-06T23:01:28.013Z] 2026-10-06T20:01:27.944-03:00  WARN 67857 --- [gamificacao-educacao-continuada] [           main] b.e.u.g.e.application.OutboxDispatcher   : outbox_retry eventId=e4d5c0d5-bd53-47dc-97c8-1d59aca9f3c9 tentativa=1
[2026-10-06T23:01:28.013Z] 2026-10-06T20:01:27.944-03:00  WARN 67857 --- [gamificacao-educacao-continuada] [           main] b.e.u.g.e.application.OutboxDispatcher   : outbox_retry eventId=afbf37e9-9d80-4154-8ac6-45d6e353f0c7 tentativa=1
[2026-10-06T23:01:28.013Z] 2026-10-06T20:01:27.945-03:00  WARN 67857 --- [gamificacao-educacao-continuada] [           main] b.e.u.g.e.application.OutboxDispatcher   : outbox_retry eventId=6367d088-2a2c-421c-beb2-2517a559fa9a tentativa=1
[2026-10-06T23:01:28.013Z] 2026-10-06T20:01:27.945-03:00  WARN 67857 --- [gamificacao-educacao-continuada] [           main] b.e.u.g.e.application.OutboxDispatcher   : outbox_retry eventId=5fbc1e16-3c21-43b1-81f5-e86c6568c965 tentativa=1
[2026-10-06T23:01:28.265Z] [INFO] Tests run: 5, Failures: 0, Errors: 0, Skipped: 0, Time elapsed: 4.162 s -- in br.edu.unifacens.gamificacao.integration.CoreIntegrationTest
[2026-10-06T23:01:28.265Z] [INFO] Running br.edu.unifacens.gamificacao.aluno.domain.AlunoTest
[2026-10-06T23:01:28.265Z] [INFO] Tests run: 5, Failures: 0, Errors: 0, Skipped: 0, Time elapsed: 0.008 s -- in br.edu.unifacens.gamificacao.aluno.domain.AlunoTest
[2026-10-06T23:01:28.265Z] [INFO] Running br.edu.unifacens.gamificacao.aluno.domain.ConquistasTest
[2026-10-06T23:01:28.265Z] [INFO] Tests run: 2, Failures: 0, Errors: 0, Skipped: 0, Time elapsed: 0.007 s -- in br.edu.unifacens.gamificacao.aluno.domain.ConquistasTest
[2026-10-06T23:01:28.265Z] [INFO] Running br.edu.unifacens.gamificacao.aluno.application.JpaAdapterContractTest
[2026-10-06T23:01:28.265Z] 2026-10-06T20:01:28.077-03:00  INFO 67857 --- [gamificacao-educacao-continuada] [           main] t.c.s.AnnotationConfigContextLoaderUtils : Could not detect default configuration classes for test class [br.edu.unifacens.gamificacao.aluno.application.JpaAdapterContractTest]: JpaAdapterContractTest does not declare any static, non-private, non-final, nested classes annotated with @Configuration.
[2026-10-06T23:01:28.266Z] 2026-10-06T20:01:28.092-03:00  INFO 67857 --- [gamificacao-educacao-continuada] [           main] .b.t.c.SpringBootTestContextBootstrapper : Found @SpringBootConfiguration br.edu.unifacens.gamificacao.GamificacaoApplication for test class br.edu.unifacens.gamificacao.aluno.application.JpaAdapterContractTest
[2026-10-06T23:01:28.266Z] 
[2026-10-06T23:01:28.266Z]   .   ____          _            __ _ _
[2026-10-06T23:01:28.266Z]  /\\ / ___'_ __ _ _(_)_ __  __ _ \ \ \ \
[2026-10-06T23:01:28.266Z] ( ( )\___ | '_ | '_| | '_ \/ _` | \ \ \ \
[2026-10-06T23:01:28.266Z]  \\/  ___)| |_)| | | | | || (_| |  ) ) ) )
[2026-10-06T23:01:28.266Z]   '  |____| .__|_| |_|_| |_\__, | / / / /
[2026-10-06T23:01:28.266Z]  =========|_|==============|___/=/_/_/_/
[2026-10-06T23:01:28.266Z] 
[2026-10-06T23:01:28.266Z]  :: Spring Boot ::                (v3.4.2)
[2026-10-06T23:01:28.266Z] 
[2026-10-06T23:01:28.266Z] 2026-10-06T20:01:28.137-03:00  INFO 67857 --- [gamificacao-educacao-continuada] [           main] b.e.u.g.a.a.JpaAdapterContractTest       : Starting JpaAdapterContractTest using Java 21.0.12.1 with PID 67857 (started by engler in /tmp/b1-tools/jenkins-home/workspace/b1-architecture)
[2026-10-06T23:01:28.266Z] 2026-10-06T20:01:28.138-03:00  INFO 67857 --- [gamificacao-educacao-continuada] [           main] b.e.u.g.a.a.JpaAdapterContractTest       : The following 1 profile is active: "h2"
[2026-10-06T23:01:28.817Z] 2026-10-06T20:01:28.523-03:00  INFO 67857 --- [gamificacao-educacao-continuada] [           main] .s.d.r.c.RepositoryConfigurationDelegate : Bootstrapping Spring Data JPA repositories in DEFAULT mode.
[2026-10-06T23:01:28.818Z] 2026-10-06T20:01:28.543-03:00  INFO 67857 --- [gamificacao-educacao-continuada] [           main] .s.d.r.c.RepositoryConfigurationDelegate : Finished Spring Data repository scanning in 17 ms. Found 4 JPA repository interfaces.
[2026-10-06T23:01:28.818Z] 2026-10-06T20:01:28.731-03:00  INFO 67857 --- [gamificacao-educacao-continuada] [           main] o.hibernate.jpa.internal.util.LogHelper  : HHH000204: Processing PersistenceUnitInfo [name: default]
[2026-10-06T23:01:28.818Z] 2026-10-06T20:01:28.735-03:00  INFO 67857 --- [gamificacao-educacao-continuada] [           main] o.h.c.internal.RegionFactoryInitiator    : HHH000026: Second-level cache disabled
[2026-10-06T23:01:28.818Z] 2026-10-06T20:01:28.760-03:00  INFO 67857 --- [gamificacao-educacao-continuada] [           main] o.s.o.j.p.SpringPersistenceUnitInfo      : No LoadTimeWeaver setup: ignoring JPA class transformer
[2026-10-06T23:01:28.818Z] 2026-10-06T20:01:28.762-03:00  INFO 67857 --- [gamificacao-educacao-continuada] [           main] com.zaxxer.hikari.HikariDataSource       : HikariPool-3 - Starting...
[2026-10-06T23:01:28.818Z] 2026-10-06T20:01:28.764-03:00  INFO 67857 --- [gamificacao-educacao-continuada] [           main] com.zaxxer.hikari.pool.HikariPool        : HikariPool-3 - Added connection conn20: url=jdbc:h2:mem:gamificacao user=SA
[2026-10-06T23:01:28.818Z] 2026-10-06T20:01:28.764-03:00  INFO 67857 --- [gamificacao-educacao-continuada] [           main] com.zaxxer.hikari.HikariDataSource       : HikariPool-3 - Start completed.
[2026-10-06T23:01:28.818Z] 2026-10-06T20:01:28.765-03:00  INFO 67857 --- [gamificacao-educacao-continuada] [           main] org.hibernate.orm.connections.pooling    : HHH10001005: Database info:
[2026-10-06T23:01:28.818Z] 	Database JDBC URL [Connecting through datasource 'HikariDataSource (HikariPool-3)']
[2026-10-06T23:01:28.818Z] 	Database driver: undefined/unknown
[2026-10-06T23:01:28.818Z] 	Database version: 2.3.232
[2026-10-06T23:01:28.818Z] 	Autocommit mode: undefined/unknown
[2026-10-06T23:01:28.818Z] 	Isolation level: undefined/unknown
[2026-10-06T23:01:28.818Z] 	Minimum pool size: undefined/unknown
[2026-10-06T23:01:28.818Z] 	Maximum pool size: undefined/unknown
[2026-10-06T23:01:29.370Z] 2026-10-06T20:01:29.024-03:00  INFO 67857 --- [gamificacao-educacao-continuada] [           main] o.h.e.t.j.p.i.JtaPlatformInitiator       : HHH000489: No JTA platform available (set 'hibernate.transaction.jta.platform' to enable JTA platform integration)
[2026-10-06T23:01:29.370Z] 2026-10-06T20:01:29.044-03:00  INFO 67857 --- [gamificacao-educacao-continuada] [           main] j.LocalContainerEntityManagerFactoryBean : Initialized JPA EntityManagerFactory for persistence unit 'default'
[2026-10-06T23:01:30.716Z] 2026-10-06T20:01:30.673-03:00  INFO 67857 --- [gamificacao-educacao-continuada] [           main] o.s.b.a.h2.H2ConsoleAutoConfiguration    : H2 console available at '/h2-console'. Database available at 'jdbc:h2:mem:gamificacao'
[2026-10-06T23:01:30.999Z] 2026-10-06T20:01:30.724-03:00  INFO 67857 --- [gamificacao-educacao-continuada] [           main] o.s.b.a.e.web.EndpointLinksResolver      : Exposing 2 endpoints beneath base path '/actuator'
[2026-10-06T23:01:31.000Z] 2026-10-06T20:01:30.777-03:00  INFO 67857 --- [gamificacao-educacao-continuada] [           main] b.e.u.g.a.a.JpaAdapterContractTest       : Started JpaAdapterContractTest in 2.676 seconds (process running for 41.032)
[2026-10-06T23:01:31.000Z] 2026-10-06T20:01:30.874-03:00  INFO 67857 --- [gamificacao-educacao-continuada] [           main] b.e.u.g.e.i.p.JpaRegistrarEvento         : curso_concluido eventId=98b43db5-691c-4d5e-9a6b-23092efc769e instituicao=ac1 alunoId=9
[2026-10-06T23:01:31.000Z] 2026-10-06T20:01:30.906-03:00  INFO 67857 --- [gamificacao-educacao-continuada] [           main] b.e.u.g.e.i.p.JpaRegistrarEvento         : curso_concluido eventId=ac8424f3-b3b8-41aa-959e-f6c7584f3661 instituicao=ac1 alunoId=9
[2026-10-06T23:01:31.000Z] [INFO] Tests run: 2, Failures: 0, Errors: 0, Skipped: 0, Time elapsed: 2.843 s -- in br.edu.unifacens.gamificacao.aluno.application.JpaAdapterContractTest
[2026-10-06T23:01:31.000Z] [INFO] Running br.edu.unifacens.gamificacao.aluno.application.FakeAdapterContractTest
[2026-10-06T23:01:31.251Z] [INFO] Tests run: 2, Failures: 0, Errors: 0, Skipped: 0, Time elapsed: 0.018 s -- in br.edu.unifacens.gamificacao.aluno.application.FakeAdapterContractTest
[2026-10-06T23:01:31.502Z] [INFO] 
[2026-10-06T23:01:31.502Z] [INFO] Results:
[2026-10-06T23:01:31.502Z] [INFO] 
[2026-10-06T23:01:31.502Z] [INFO] Tests run: 20, Failures: 0, Errors: 0, Skipped: 0
[2026-10-06T23:01:31.502Z] [INFO] 
[2026-10-06T23:01:31.502Z] [INFO] 
[2026-10-06T23:01:31.502Z] [INFO] --- jacoco-maven-plugin:0.8.12:report (report) @ gamificacao-educacao-continuada ---
[2026-10-06T23:01:31.502Z] [INFO] Loading execution data file /tmp/b1-tools/jenkins-home/workspace/b1-architecture/target/jacoco.exec
[2026-10-06T23:01:31.753Z] [INFO] Analyzed bundle 'Gamificação Educação Continuada' with 1 classes
[2026-10-06T23:01:32.004Z] [INFO] 
[2026-10-06T23:01:32.004Z] [INFO] --- maven-jar-plugin:3.4.2:jar (default-jar) @ gamificacao-educacao-continuada ---
[2026-10-06T23:01:32.555Z] [INFO] Building jar: /tmp/b1-tools/jenkins-home/workspace/b1-architecture/target/gamificacao-educacao-continuada-1.0.0.jar
[2026-10-06T23:01:32.555Z] [INFO] 
[2026-10-06T23:01:32.555Z] [INFO] --- spring-boot-maven-plugin:3.4.2:repackage (repackage) @ gamificacao-educacao-continuada ---
[2026-10-06T23:01:33.108Z] [INFO] Replacing main artifact /tmp/b1-tools/jenkins-home/workspace/b1-architecture/target/gamificacao-educacao-continuada-1.0.0.jar with repackaged archive, adding nested dependencies in BOOT-INF/.
[2026-10-06T23:01:33.109Z] [INFO] The original artifact has been renamed to /tmp/b1-tools/jenkins-home/workspace/b1-architecture/target/gamificacao-educacao-continuada-1.0.0.jar.original
[2026-10-06T23:01:33.109Z] [INFO] 
[2026-10-06T23:01:33.109Z] [INFO] --- jacoco-maven-plugin:0.8.12:check (check) @ gamificacao-educacao-continuada ---
[2026-10-06T23:01:33.109Z] [INFO] Loading execution data file /tmp/b1-tools/jenkins-home/workspace/b1-architecture/target/jacoco.exec
[2026-10-06T23:01:33.109Z] [INFO] Analyzed bundle 'gamificacao-educacao-continuada' with 33 classes
[2026-10-06T23:01:33.109Z] [INFO] All coverage checks have been met.
[2026-10-06T23:01:33.109Z] [INFO] ------------------------------------------------------------------------
[2026-10-06T23:01:33.109Z] [INFO] BUILD SUCCESS
[2026-10-06T23:01:33.109Z] [INFO] ------------------------------------------------------------------------
[2026-10-06T23:01:33.109Z] [INFO] Total time:  49.539 s
[2026-10-06T23:01:33.109Z] [INFO] Finished at: 2026-10-06T20:01:33-03:00
[2026-10-06T23:01:33.109Z] [INFO] ------------------------------------------------------------------------
[Pipeline] }
[Pipeline] // stage
[Pipeline] stage
[Pipeline] { (Python: contratos e idempotência)
[Pipeline] sh
[2026-10-06T23:01:34.008Z] + set -eu
[2026-10-06T23:01:34.009Z] + uv venv .venv
[2026-10-06T23:01:34.009Z] Using CPython 3.12.3 interpreter at: /usr/bin/python3
[2026-10-06T23:01:34.009Z] Creating virtual environment at: .venv
[2026-10-06T23:01:34.009Z] Activate with: source .venv/bin/activate
[2026-10-06T23:01:34.009Z] + uv pip install --python .venv/bin/python -r requirements.txt
[2026-10-06T23:01:35.873Z] Resolved 22 packages in 1.54s
[2026-10-06T23:01:35.873Z] Prepared 1 package in 37ms
[2026-10-06T23:01:35.873Z] Installed 22 packages in 35ms
[2026-10-06T23:01:35.873Z]  + annotated-types==0.8.0
[2026-10-06T23:01:35.873Z]  + anyio==4.15.1
[2026-10-06T23:01:35.873Z]  + certifi==2026.7.22
[2026-10-06T23:01:35.873Z]  + click==8.5.0
[2026-10-06T23:01:35.873Z]  + fastapi==0.115.12
[2026-10-06T23:01:35.873Z]  + h11==0.16.0
[2026-10-06T23:01:35.873Z]  + httpcore==1.0.9
[2026-10-06T23:01:35.873Z]  + httpx==0.28.1
[2026-10-06T23:01:35.873Z]  + idna==3.20
[2026-10-06T23:01:35.873Z]  + iniconfig==2.3.1
[2026-10-06T23:01:35.873Z]  + packaging==26.3
[2026-10-06T23:01:35.873Z]  + paho-mqtt==2.1.0
[2026-10-06T23:01:35.873Z]  + pluggy==1.6.0
[2026-10-06T23:01:35.873Z]  + prometheus-client==0.21.1
[2026-10-06T23:01:35.873Z]  + pydantic==2.13.5
[2026-10-06T23:01:35.873Z]  + pydantic-core==2.46.5
[2026-10-06T23:01:35.873Z]  + pytest==8.3.5
[2026-10-06T23:01:35.873Z]  + pyyaml==6.0.2
[2026-10-06T23:01:35.873Z]  + starlette==0.46.2
[2026-10-06T23:01:35.873Z]  + typing-extensions==4.16.0
[2026-10-06T23:01:35.873Z]  + typing-inspection==0.4.4
[2026-10-06T23:01:35.873Z]  + uvicorn==0.34.0
[2026-10-06T23:01:35.873Z] + mkdir -p .runtime
[2026-10-06T23:01:35.873Z] + .venv/bin/python -m pytest -q tests --junitxml=.runtime/python-tests.xml
[2026-10-06T23:01:37.989Z] ....                                                                     [100%]
[2026-10-06T23:01:37.989Z] =============================== warnings summary ===============================
[2026-10-06T23:01:37.989Z] .venv/lib/python3.12/site-packages/starlette/testclient.py:37
[2026-10-06T23:01:37.989Z]   /tmp/b1-tools/jenkins-home/workspace/b1-architecture/.venv/lib/python3.12/site-packages/starlette/testclient.py:37: DeprecationWarning: The anyio.abc.BlockingPortal alias is deprecated, use anyio.from_thread.BlockingPortal instead.
[2026-10-06T23:01:37.989Z]     _PortalFactoryType = typing.Callable[[], typing.ContextManager[anyio.abc.BlockingPortal]]
[2026-10-06T23:01:37.989Z] 
[2026-10-06T23:01:37.989Z] -- Docs: https://docs.pytest.org/en/stable/how-to/capture-warnings.html
[2026-10-06T23:01:37.989Z] - generated xml file: /tmp/b1-tools/jenkins-home/workspace/b1-architecture/.runtime/python-tests.xml -
[2026-10-06T23:01:37.989Z] 4 passed, 1 warning in 1.27s
[Pipeline] }
[Pipeline] // stage
[Pipeline] stage
[Pipeline] { (Frontend AC1)
[Pipeline] sh
[2026-10-06T23:01:38.870Z] + npm --prefix frontend ci
[2026-10-06T23:01:41.356Z] 
[2026-10-06T23:01:41.356Z] added 34 packages, and audited 35 packages in 2s
[2026-10-06T23:01:41.356Z] 
[2026-10-06T23:01:41.356Z] 6 packages are looking for funding
[2026-10-06T23:01:41.356Z]   run `npm fund` for details
[2026-10-06T23:01:41.356Z] 
[2026-10-06T23:01:41.356Z] found 0 vulnerabilities
[2026-10-06T23:01:41.356Z] + npm --prefix frontend run build
[2026-10-06T23:01:41.610Z] 
[2026-10-06T23:01:41.610Z] > gamificacao-frontend@1.0.0 build
[2026-10-06T23:01:41.610Z] > vite build
[2026-10-06T23:01:41.610Z] 
[2026-10-06T23:01:42.162Z] vite v6.4.3 building for production...
[2026-10-06T23:01:42.162Z] transforming...
[2026-10-06T23:01:43.075Z] ✓ 10 modules transformed.
[2026-10-06T23:01:43.327Z] rendering chunks...
[2026-10-06T23:01:43.327Z] computing gzip size...
[2026-10-06T23:01:43.327Z] dist/index.html                  0.17 kB │ gzip:  0.14 kB
[2026-10-06T23:01:43.327Z] dist/assets/index-DOTA_xiy.css   1.50 kB │ gzip:  0.72 kB
[2026-10-06T23:01:43.327Z] dist/assets/index-gdcNWyRS.js   72.44 kB │ gzip: 28.72 kB
[2026-10-06T23:01:43.327Z] ✓ built in 1.16s
[Pipeline] }
[Pipeline] // stage
[Pipeline] stage
[Pipeline] { (Configurações e rastreabilidade)
[Pipeline] sh
[2026-10-06T23:01:43.967Z] + .venv/bin/python scripts/validate-delivery.py
[2026-10-06T23:01:43.968Z] Entrega validada: seis ADRs/labs, três ASRs por desafio, links locais e configurações
[2026-10-06T23:01:43.968Z] + .venv/bin/python scripts/architecture-evidence.py
[2026-10-06T23:01:43.968Z] {
[2026-10-06T23:01:43.968Z]   "baseline_commit_ac1": "b31abd3",
[2026-10-06T23:01:43.968Z]   "caso_de_uso": "conclusao com recompensa",
[2026-10-06T23:01:43.968Z]   "antes": {
[2026-10-06T23:01:43.968Z]     "arquivo": "labs/desafio1/baseline/src/main/java/br/edu/unifacens/gamificacao/service/AlunoService.java",
[2026-10-06T23:01:43.968Z]     "imports": [
[2026-10-06T23:01:43.968Z]       "br.edu.unifacens.gamificacao.domain.Aluno",
[2026-10-06T23:01:43.968Z]       "br.edu.unifacens.gamificacao.dto.*",
[2026-10-06T23:01:43.968Z]       "br.edu.unifacens.gamificacao.entity.AlunoEntity",
[2026-10-06T23:01:43.968Z]       "br.edu.unifacens.gamificacao.repository.AlunoRepository"
[2026-10-06T23:01:43.968Z]     ],
[2026-10-06T23:01:43.968Z]     "acesso_direto_entidade_jpa": true,
[2026-10-06T23:01:43.968Z]     "acesso_direto_spring_data_repository": true
[2026-10-06T23:01:43.968Z]   },
[2026-10-06T23:01:43.968Z]   "depois": {
[2026-10-06T23:01:43.968Z]     "arquivo": "src/main/java/br/edu/unifacens/gamificacao/aluno/application/AlunoService.java",
[2026-10-06T23:01:43.968Z]     "imports": [
[2026-10-06T23:01:43.968Z]       "br.edu.unifacens.gamificacao.aluno.api.*",
[2026-10-06T23:01:43.968Z]       "br.edu.unifacens.gamificacao.eventos.api.RegistrarEvento",
[2026-10-06T23:01:43.968Z]       "br.edu.unifacens.gamificacao.eventos.api.CursoConcluido"
[2026-10-06T23:01:43.968Z]     ],
[2026-10-06T23:01:43.968Z]     "acesso_direto_entidade_jpa": false,
[2026-10-06T23:01:43.968Z]     "acesso_direto_spring_data_repository": false
[2026-10-06T23:01:43.968Z]   },
[2026-10-06T23:01:43.968Z]   "dominio": {
[2026-10-06T23:01:43.968Z]     "arquivos": 1,
[2026-10-06T23:01:43.968Z]     "imports_tecnicos": []
[2026-10-06T23:01:43.968Z]   },
[2026-10-06T23:01:43.968Z]   "observacao": "Agrupar pastas não reduz necessariamente o número de imports; a melhoria testada é a direção da dependência e o encapsulamento da persistência."
[2026-10-06T23:01:43.968Z] }
[Pipeline] }
[Pipeline] // stage
[Pipeline] stage
[Pipeline] { (Imagens versionadas)
Stage "Imagens versionadas" skipped due to when conditional
[Pipeline] getContext
[Pipeline] }
[Pipeline] // stage
[Pipeline] stage
[Pipeline] { (Deploy laboratório)
Stage "Deploy laboratório" skipped due to when conditional
[Pipeline] getContext
[Pipeline] }
[Pipeline] // stage
[Pipeline] stage
[Pipeline] { (Declarative: Post Actions)
[Pipeline] junit
[2026-10-06T23:01:45.635Z] Recording test results
[2026-10-06T23:01:45.838Z] [Checks API] No suitable checks publisher found.
[Pipeline] junit
[2026-10-06T23:01:45.912Z] Recording test results
[2026-10-06T23:01:45.985Z] [Checks API] No suitable checks publisher found.
[Pipeline] archiveArtifacts
[2026-10-06T23:01:46.093Z] Archiving artifacts
[Pipeline] }
[Pipeline] // stage
[Pipeline] }
[Pipeline] // timeout
[Pipeline] }
[Pipeline] // timestamps
[Pipeline] }
[Pipeline] // withEnv
[Pipeline] }
[Pipeline] // node
[Pipeline] End of Pipeline
Finished: SUCCESS
